/usr/lib/jvm/java
Apache Maven 3.0.4 (rNON-CANONICAL_2012-10-24_11-25_mockbuild; 2012-10-24 12:25:04+0100)
Maven home: /usr/share/maven
Java version: 1.7.0_09-icedtea, vendor: Oracle Corporation
Java home: /usr/lib/jvm/java-1.7.0-openjdk-1.7.0.9.x86_64/jre
Default locale: en_GB, platform encoding: UTF-8
OS name: "linux", version: "3.6.9-2.fc17.x86_64", arch: "amd64", family: "unix"
[INFO] Error stacktraces are turned on.
[DEBUG] Reading global settings from /usr/share/maven/conf/settings.xml
[DEBUG] Reading user settings from /home/pantinor/.m2/settings.xml
[DEBUG] Using local repository at /home/pantinor/.m2/repository
[DEBUG] Using manager EnhancedLocalRepositoryManager with priority 10 for /home/pantinor/.m2/repository
[INFO] Scanning for projects...
[DEBUG] Extension realms for project paolo.test:guvnor_import:pom:1.0.0: (none)
[DEBUG] Looking up lifecyle mappings for packaging pom from ClassRealm[plexus.core, parent: null]
[DEBUG] Extension realms for project paolo.test:model:jar:1.0.0: (none)
[DEBUG] Looking up lifecyle mappings for packaging jar from ClassRealm[plexus.core, parent: null]
[DEBUG] Extension realms for project paolo.test:rules:jar:1.0.0: (none)
[DEBUG] Looking up lifecyle mappings for packaging jar from ClassRealm[plexus.core, parent: null]
[INFO] ------------------------------------------------------------------------
[INFO] Reactor Build Order:
[INFO] 
[INFO] Build Fact Model
[INFO] Build Guvnor Full Repository
[INFO] Guvnor import multiproject
[DEBUG] === REACTOR BUILD PLAN ================================================
[DEBUG] Project: paolo.test:model:jar:1.0.0
[DEBUG] Tasks:   [install]
[DEBUG] Style:   Regular
[DEBUG] -----------------------------------------------------------------------
[DEBUG] Project: paolo.test:rules:jar:1.0.0
[DEBUG] Tasks:   [install]
[DEBUG] Style:   Regular
[DEBUG] -----------------------------------------------------------------------
[DEBUG] Project: paolo.test:guvnor_import:pom:1.0.0
[DEBUG] Tasks:   [install]
[DEBUG] Style:   Regular
[DEBUG] =======================================================================
[INFO]                                                                         
[INFO] ------------------------------------------------------------------------
[INFO] Building Build Fact Model 1.0.0
[INFO] ------------------------------------------------------------------------
[DEBUG] Lifecycle default -> [validate, initialize, generate-sources, process-sources, generate-resources, process-resources, compile, process-classes, generate-test-sources, process-test-sources, generate-test-resources, process-test-resources, test-compile, process-test-classes, test, prepare-package, package, pre-integration-test, integration-test, post-integration-test, verify, install, deploy]
[DEBUG] Lifecycle clean -> [pre-clean, clean, post-clean]
[DEBUG] Lifecycle site -> [pre-site, site, post-site, site-deploy]
[DEBUG] Lifecycle default -> [validate, initialize, generate-sources, process-sources, generate-resources, process-resources, compile, process-classes, generate-test-sources, process-test-sources, generate-test-resources, process-test-resources, test-compile, process-test-classes, test, prepare-package, package, pre-integration-test, integration-test, post-integration-test, verify, install, deploy]
[DEBUG] Lifecycle clean -> [pre-clean, clean, post-clean]
[DEBUG] Lifecycle site -> [pre-site, site, post-site, site-deploy]
[DEBUG] Lifecycle default -> [validate, initialize, generate-sources, process-sources, generate-resources, process-resources, compile, process-classes, generate-test-sources, process-test-sources, generate-test-resources, process-test-resources, test-compile, process-test-classes, test, prepare-package, package, pre-integration-test, integration-test, post-integration-test, verify, install, deploy]
[DEBUG] Lifecycle clean -> [pre-clean, clean, post-clean]
[DEBUG] Lifecycle site -> [pre-site, site, post-site, site-deploy]
[DEBUG] Lifecycle default -> [validate, initialize, generate-sources, process-sources, generate-resources, process-resources, compile, process-classes, generate-test-sources, process-test-sources, generate-test-resources, process-test-resources, test-compile, process-test-classes, test, prepare-package, package, pre-integration-test, integration-test, post-integration-test, verify, install, deploy]
[DEBUG] Lifecycle clean -> [pre-clean, clean, post-clean]
[DEBUG] Lifecycle site -> [pre-site, site, post-site, site-deploy]
[DEBUG] Lifecycle default -> [validate, initialize, generate-sources, process-sources, generate-resources, process-resources, compile, process-classes, generate-test-sources, process-test-sources, generate-test-resources, process-test-resources, test-compile, process-test-classes, test, prepare-package, package, pre-integration-test, integration-test, post-integration-test, verify, install, deploy]
[DEBUG] Lifecycle clean -> [pre-clean, clean, post-clean]
[DEBUG] Lifecycle site -> [pre-site, site, post-site, site-deploy]
[DEBUG] Lifecycle default -> [validate, initialize, generate-sources, process-sources, generate-resources, process-resources, compile, process-classes, generate-test-sources, process-test-sources, generate-test-resources, process-test-resources, test-compile, process-test-classes, test, prepare-package, package, pre-integration-test, integration-test, post-integration-test, verify, install, deploy]
[DEBUG] Lifecycle clean -> [pre-clean, clean, post-clean]
[DEBUG] Lifecycle site -> [pre-site, site, post-site, site-deploy]
[DEBUG] Lifecycle default -> [validate, initialize, generate-sources, process-sources, generate-resources, process-resources, compile, process-classes, generate-test-sources, process-test-sources, generate-test-resources, process-test-resources, test-compile, process-test-classes, test, prepare-package, package, pre-integration-test, integration-test, post-integration-test, verify, install, deploy]
[DEBUG] Lifecycle clean -> [pre-clean, clean, post-clean]
[DEBUG] Lifecycle site -> [pre-site, site, post-site, site-deploy]
[DEBUG] Lifecycle default -> [validate, initialize, generate-sources, process-sources, generate-resources, process-resources, compile, process-classes, generate-test-sources, process-test-sources, generate-test-resources, process-test-resources, test-compile, process-test-classes, test, prepare-package, package, pre-integration-test, integration-test, post-integration-test, verify, install, deploy]
[DEBUG] Lifecycle clean -> [pre-clean, clean, post-clean]
[DEBUG] Lifecycle site -> [pre-site, site, post-site, site-deploy]
[DEBUG] === PROJECT BUILD PLAN ================================================
[DEBUG] Project:       paolo.test:model:1.0.0
[DEBUG] Dependencies (collect): []
[DEBUG] Dependencies (resolve): [compile, runtime, test]
[DEBUG] Repositories (dependencies): [public (http://repository/nexus/content/groups/public, releases+snapshots), jboss (http://repository/nexus/content/repositories/jboss-releases, releases+snapshots), artifactory (http://cloud-artifactory:8081/artifactory/tescobank, releases+snapshots), thirdparty (http://repository/nexus/content/repositories/thirdparty, releases+snapshots), maven_central (http://repo1.maven.org/maven2, releases+snapshots), central (http://repo.maven.apache.org/maven2, releases)]
[DEBUG] Repositories (plugins)     : [central (http://repository/nexus/content/groups/public, releases+snapshots)]
[DEBUG] -----------------------------------------------------------------------
[DEBUG] Goal:          org.apache.maven.plugins:maven-resources-plugin:2.5:resources (default-resources)
[DEBUG] Style:         Regular
[DEBUG] Configuration: <?xml version="1.0" encoding="UTF-8"?>
<configuration>
  <buildFilters default-value="${project.build.filters}"/>
  <encoding default-value="${project.build.sourceEncoding}">${encoding}</encoding>
  <escapeString>${maven.resources.escapeString}</escapeString>
  <escapeWindowsPaths default-value="true">${maven.resources.escapeWindowsPaths}</escapeWindowsPaths>
  <includeEmptyDirs default-value="false">${maven.resources.includeEmptyDirs}</includeEmptyDirs>
  <outputDirectory default-value="${project.build.outputDirectory}"/>
  <overwrite default-value="false">${maven.resources.overwrite}</overwrite>
  <project default-value="${project}"/>
  <resources default-value="${project.resources}"/>
  <session default-value="${session}"/>
  <supportMultiLineFiltering default-value="false">${maven.resources.supportMultiLineFiltering}</supportMultiLineFiltering>
  <useBuildFilters default-value="true"/>
  <useDefaultDelimiters default-value="true"/>
</configuration>
[DEBUG] -----------------------------------------------------------------------
[DEBUG] Goal:          org.apache.maven.plugins:maven-compiler-plugin:2.3.2:compile (default-compile)
[DEBUG] Style:         Regular
[DEBUG] Configuration: <?xml version="1.0" encoding="UTF-8"?>
<configuration>
  <basedir default-value="${basedir}"/>
  <buildDirectory default-value="${project.build.directory}"/>
  <classpathElements default-value="${project.compileClasspathElements}"/>
  <compileSourceRoots default-value="${project.compileSourceRoots}"/>
  <compilerId default-value="javac">${maven.compiler.compilerId}</compilerId>
  <compilerVersion>${maven.compiler.compilerVersion}</compilerVersion>
  <debug default-value="true">${maven.compiler.debug}</debug>
  <debuglevel>${maven.compiler.debuglevel}</debuglevel>
  <encoding default-value="${project.build.sourceEncoding}">${encoding}</encoding>
  <executable>${maven.compiler.executable}</executable>
  <failOnError default-value="true">${maven.compiler.failOnError}</failOnError>
  <fork default-value="false">${maven.compiler.fork}</fork>
  <generatedSourcesDirectory default-value="${project.build.directory}/generated-sources/annotations"/>
  <maxmem>${maven.compiler.maxmem}</maxmem>
  <meminitial>${maven.compiler.meminitial}</meminitial>
  <optimize default-value="false">${maven.compiler.optimize}</optimize>
  <outputDirectory default-value="${project.build.outputDirectory}"/>
  <outputFileName>${project.build.finalName}</outputFileName>
  <projectArtifact default-value="${project.artifact}"/>
  <session default-value="${session}"/>
  <showDeprecation default-value="false">${maven.compiler.showDeprecation}</showDeprecation>
  <showWarnings default-value="false">${maven.compiler.showWarnings}</showWarnings>
  <source default-value="1.5">${maven.compiler.source}</source>
  <staleMillis default-value="0">${lastModGranularityMs}</staleMillis>
  <target default-value="1.5">${maven.compiler.target}</target>
  <verbose default-value="false">${maven.compiler.verbose}</verbose>
</configuration>
[DEBUG] -----------------------------------------------------------------------
[DEBUG] Goal:          org.apache.maven.plugins:maven-resources-plugin:2.5:testResources (default-testResources)
[DEBUG] Style:         Regular
[DEBUG] Configuration: <?xml version="1.0" encoding="UTF-8"?>
<configuration>
  <buildFilters default-value="${project.build.filters}"/>
  <encoding default-value="${project.build.sourceEncoding}">${encoding}</encoding>
  <escapeString>${maven.resources.escapeString}</escapeString>
  <escapeWindowsPaths default-value="true">${maven.resources.escapeWindowsPaths}</escapeWindowsPaths>
  <includeEmptyDirs default-value="false">${maven.resources.includeEmptyDirs}</includeEmptyDirs>
  <outputDirectory>${project.build.testOutputDirectory}</outputDirectory>
  <overwrite default-value="false">${maven.resources.overwrite}</overwrite>
  <project default-value="${project}"/>
  <resources>${project.testResources}</resources>
  <session default-value="${session}"/>
  <supportMultiLineFiltering default-value="false">${maven.resources.supportMultiLineFiltering}</supportMultiLineFiltering>
  <useBuildFilters default-value="true"/>
  <useDefaultDelimiters default-value="true"/>
</configuration>
[DEBUG] -----------------------------------------------------------------------
[DEBUG] Goal:          org.apache.maven.plugins:maven-compiler-plugin:2.3.2:testCompile (default-testCompile)
[DEBUG] Style:         Regular
[DEBUG] Configuration: <?xml version="1.0" encoding="UTF-8"?>
<configuration>
  <basedir default-value="${basedir}"/>
  <buildDirectory default-value="${project.build.directory}"/>
  <classpathElements default-value="${project.testClasspathElements}"/>
  <compileSourceRoots default-value="${project.testCompileSourceRoots}"/>
  <compilerId default-value="javac">${maven.compiler.compilerId}</compilerId>
  <compilerVersion>${maven.compiler.compilerVersion}</compilerVersion>
  <debug default-value="true">${maven.compiler.debug}</debug>
  <debuglevel>${maven.compiler.debuglevel}</debuglevel>
  <encoding default-value="${project.build.sourceEncoding}">${encoding}</encoding>
  <executable>${maven.compiler.executable}</executable>
  <failOnError default-value="true">${maven.compiler.failOnError}</failOnError>
  <fork default-value="false">${maven.compiler.fork}</fork>
  <generatedTestSourcesDirectory default-value="${project.build.directory}/generated-sources/test-annotations"/>
  <maxmem>${maven.compiler.maxmem}</maxmem>
  <meminitial>${maven.compiler.meminitial}</meminitial>
  <optimize default-value="false">${maven.compiler.optimize}</optimize>
  <outputDirectory default-value="${project.build.testOutputDirectory}"/>
  <outputFileName>${project.build.finalName}</outputFileName>
  <session default-value="${session}"/>
  <showDeprecation default-value="false">${maven.compiler.showDeprecation}</showDeprecation>
  <showWarnings default-value="false">${maven.compiler.showWarnings}</showWarnings>
  <skip>${maven.test.skip}</skip>
  <source default-value="1.5">${maven.compiler.source}</source>
  <staleMillis default-value="0">${lastModGranularityMs}</staleMillis>
  <target default-value="1.5">${maven.compiler.target}</target>
  <testSource>${maven.compiler.testSource}</testSource>
  <testTarget>${maven.compiler.testTarget}</testTarget>
  <verbose default-value="false">${maven.compiler.verbose}</verbose>
</configuration>
[DEBUG] -----------------------------------------------------------------------
[DEBUG] Goal:          org.apache.maven.plugins:maven-surefire-plugin:2.10:test (default-test)
[DEBUG] Style:         Regular
[DEBUG] Configuration: <?xml version="1.0" encoding="UTF-8"?>
<configuration>
  <argLine>${argLine}</argLine>
  <basedir default-value="${basedir}"/>
  <childDelegation default-value="false">${childDelegation}</childDelegation>
  <classesDirectory default-value="${project.build.outputDirectory}"/>
  <debugForkedProcess>${maven.surefire.debug}</debugForkedProcess>
  <disableXmlReport default-value="false">${disableXmlReport}</disableXmlReport>
  <enableAssertions default-value="true">${enableAssertions}</enableAssertions>
  <excludedGroups>${excludedGroups}</excludedGroups>
  <failIfNoTests>${failIfNoTests}</failIfNoTests>
  <forkMode default-value="once">${forkMode}</forkMode>
  <forkedProcessTimeoutInSeconds>${surefire.timeout}</forkedProcessTimeoutInSeconds>
  <groups>${groups}</groups>
  <junitArtifactName default-value="junit:junit">${junitArtifactName}</junitArtifactName>
  <jvm>${jvm}</jvm>
  <localRepository>${localRepository}</localRepository>
  <objectFactory>${objectFactory}</objectFactory>
  <parallel>${parallel}</parallel>
  <parallelMavenExecution default-value="${session.parallel}"/>
  <perCoreThreadCount default-value="true">${perCoreThreadCount}</perCoreThreadCount>
  <pluginArtifactMap>${plugin.artifactMap}</pluginArtifactMap>
  <printSummary default-value="true">${surefire.printSummary}</printSummary>
  <project default-value="${project}"/>
  <projectArtifactMap>${project.artifactMap}</projectArtifactMap>
  <redirectTestOutputToFile default-value="false">${maven.test.redirectTestOutputToFile}</redirectTestOutputToFile>
  <remoteRepositories>${project.pluginArtifactRepositories}</remoteRepositories>
  <reportFormat default-value="brief">${surefire.reportFormat}</reportFormat>
  <reportNameSuffix default-value="">${surefire.reportNameSuffix}</reportNameSuffix>
  <reportsDirectory default-value="${project.build.directory}/surefire-reports"/>
  <runOrder default-value="filesystem"/>
  <session>${session}</session>
  <skip default-value="false">${maven.test.skip}</skip>
  <skipExec>${maven.test.skip.exec}</skipExec>
  <skipTests default-value="false">${skipTests}</skipTests>
  <test>${test}</test>
  <testClassesDirectory default-value="${project.build.testOutputDirectory}"/>
  <testFailureIgnore default-value="false">${maven.test.failure.ignore}</testFailureIgnore>
  <testNGArtifactName default-value="org.testng:testng">${testNGArtifactName}</testNGArtifactName>
  <testSourceDirectory default-value="${project.build.testSourceDirectory}"/>
  <threadCount>${threadCount}</threadCount>
  <trimStackTrace default-value="true">${trimStackTrace}</trimStackTrace>
  <useFile default-value="true">${surefire.useFile}</useFile>
  <useManifestOnlyJar default-value="true">${surefire.useManifestOnlyJar}</useManifestOnlyJar>
  <useSystemClassLoader default-value="true">${surefire.useSystemClassLoader}</useSystemClassLoader>
  <useUnlimitedThreads default-value="false">${useUnlimitedThreads}</useUnlimitedThreads>
  <workingDirectory>${basedir}</workingDirectory>
</configuration>
[DEBUG] -----------------------------------------------------------------------
[DEBUG] Goal:          org.apache.maven.plugins:maven-jar-plugin:2.3.2:jar (default-jar)
[DEBUG] Style:         Regular
[DEBUG] Configuration: <?xml version="1.0" encoding="UTF-8"?>
<configuration>
  <classesDirectory default-value="${project.build.outputDirectory}"/>
  <defaultManifestFile default-value="${project.build.outputDirectory}/META-INF/MANIFEST.MF"/>
  <finalName default-value="${project.build.finalName}">${jar.finalName}</finalName>
  <forceCreation default-value="false">${jar.forceCreation}</forceCreation>
  <outputDirectory default-value="${project.build.directory}"/>
  <project default-value="${project}"/>
  <useDefaultManifestFile default-value="false">${jar.useDefaultManifestFile}</useDefaultManifestFile>
</configuration>
[DEBUG] -----------------------------------------------------------------------
[DEBUG] Goal:          org.apache.maven.plugins:maven-install-plugin:2.3.1:install (default-install)
[DEBUG] Style:         Regular
[DEBUG] Configuration: <?xml version="1.0" encoding="UTF-8"?>
<configuration>
  <artifact default-value="${project.artifact}"/>
  <attachedArtifacts default-value="${project.attachedArtifacts}"/>
  <createChecksum default-value="false">${createChecksum}</createChecksum>
  <localRepository>${localRepository}</localRepository>
  <packaging default-value="${project.packaging}"/>
  <pomFile default-value="${project.file}"/>
  <updateReleaseInfo default-value="false">${updateReleaseInfo}</updateReleaseInfo>
</configuration>
[DEBUG] =======================================================================
[DEBUG] paolo.test:model:jar:1.0.0
[INFO] 
[INFO] --- maven-resources-plugin:2.5:resources (default-resources) @ model ---
[DEBUG] Created new class realm maven.api
[DEBUG] Importing foreign packages into class realm maven.api
[DEBUG]   Imported: org.apache.maven.wagon.events < plexus.core
[DEBUG]   Imported: org.sonatype.aether.transfer < plexus.core
[DEBUG]   Imported: org.apache.maven.exception < plexus.core
[DEBUG]   Imported: org.sonatype.aether.metadata < plexus.core
[DEBUG]   Imported: org.codehaus.plexus.util.xml.Xpp3Dom < plexus.core
[DEBUG]   Imported: org.sonatype.aether.collection < plexus.core
[DEBUG]   Imported: org.sonatype.aether.version < plexus.core
[DEBUG]   Imported: org.apache.maven.monitor < plexus.core
[DEBUG]   Imported: org.apache.maven.wagon.repository < plexus.core
[DEBUG]   Imported: org.apache.maven.repository < plexus.core
[DEBUG]   Imported: org.apache.maven.wagon.resource < plexus.core
[DEBUG]   Imported: org.codehaus.plexus.logging < plexus.core
[DEBUG]   Imported: org.apache.maven.profiles < plexus.core
[DEBUG]   Imported: org.sonatype.aether.repository < plexus.core
[DEBUG]   Imported: org.apache.maven.classrealm < plexus.core
[DEBUG]   Imported: org.apache.maven.execution < plexus.core
[DEBUG]   Imported: org.sonatype.aether.artifact < plexus.core
[DEBUG]   Imported: org.sonatype.aether.spi < plexus.core
[DEBUG]   Imported: org.apache.maven.reporting < plexus.core
[DEBUG]   Imported: org.apache.maven.usability < plexus.core
[DEBUG]   Imported: org.codehaus.plexus.container < plexus.core
[DEBUG]   Imported: org.codehaus.plexus.component < plexus.core
[DEBUG]   Imported: org.codehaus.plexus.util.xml.pull.XmlSerializer < plexus.core
[DEBUG]   Imported: org.apache.maven.wagon.authentication < plexus.core
[DEBUG]   Imported: org.apache.maven.lifecycle < plexus.core
[DEBUG]   Imported: org.codehaus.plexus.classworlds < plexus.core
[DEBUG]   Imported: org.sonatype.aether.graph < plexus.core
[DEBUG]   Imported: org.sonatype.aether.* < plexus.core
[DEBUG]   Imported: org.apache.maven.settings < plexus.core
[DEBUG]   Imported: org.codehaus.classworlds < plexus.core
[DEBUG]   Imported: org.sonatype.aether.impl < plexus.core
[DEBUG]   Imported: org.apache.maven.wagon.* < plexus.core
[DEBUG]   Imported: org.apache.maven.toolchain < plexus.core
[DEBUG]   Imported: org.sonatype.aether.deployment < plexus.core
[DEBUG]   Imported: org.apache.maven.wagon.observers < plexus.core
[DEBUG]   Imported: org.codehaus.plexus.util.xml.pull.XmlPullParserException < plexus.core
[DEBUG]   Imported: org.codehaus.plexus.util.xml.pull.XmlPullParser < plexus.core
[DEBUG]   Imported: org.apache.maven.configuration < plexus.core
[DEBUG]   Imported: org.apache.maven.cli < plexus.core
[DEBUG]   Imported: org.sonatype.aether.installation < plexus.core
[DEBUG]   Imported: org.codehaus.plexus.context < plexus.core
[DEBUG]   Imported: org.apache.maven.wagon.authorization < plexus.core
[DEBUG]   Imported: org.apache.maven.project < plexus.core
[DEBUG]   Imported: org.apache.maven.rtinfo < plexus.core
[DEBUG]   Imported: org.codehaus.plexus.lifecycle < plexus.core
[DEBUG]   Imported: org.codehaus.plexus.configuration < plexus.core
[DEBUG]   Imported: org.apache.maven.artifact < plexus.core
[DEBUG]   Imported: org.apache.maven.model < plexus.core
[DEBUG]   Imported: org.apache.maven.* < plexus.core
[DEBUG]   Imported: org.apache.maven.wagon.proxy < plexus.core
[DEBUG]   Imported: org.sonatype.aether.resolution < plexus.core
[DEBUG]   Imported: org.apache.maven.plugin < plexus.core
[DEBUG]   Imported: org.codehaus.plexus.* < plexus.core
[DEBUG]   Imported: org.codehaus.plexus.personality < plexus.core
[DEBUG] Populating class realm maven.api
[DEBUG] org.apache.maven.plugins:maven-resources-plugin:jar:2.5:
[DEBUG]    org.apache.maven:maven-plugin-api:jar:2.0.6:compile
[DEBUG]    org.apache.maven:maven-project:jar:2.0.6:compile
[DEBUG]       org.apache.maven:maven-profile:jar:2.0.6:compile
[DEBUG]       org.apache.maven:maven-artifact-manager:jar:2.0.6:compile
[DEBUG]       org.apache.maven:maven-plugin-registry:jar:2.0.6:compile
[DEBUG]    org.apache.maven:maven-core:jar:2.0.6:compile
[DEBUG]       org.apache.maven:maven-plugin-parameter-documenter:jar:2.0.6:compile
[DEBUG]       org.apache.maven.reporting:maven-reporting-api:jar:2.0.6:compile
[DEBUG]          org.apache.maven.doxia:doxia-sink-api:jar:1.0-alpha-7:compile
[DEBUG]       org.apache.maven:maven-repository-metadata:jar:2.0.6:compile
[DEBUG]       org.apache.maven:maven-error-diagnostics:jar:2.0.6:compile
[DEBUG]       commons-cli:commons-cli:jar:1.0:compile
[DEBUG]       org.apache.maven:maven-plugin-descriptor:jar:2.0.6:compile
[DEBUG]       org.codehaus.plexus:plexus-interactivity-api:jar:1.0-alpha-4:compile
[DEBUG]       classworlds:classworlds:jar:1.1:compile
[DEBUG]    org.apache.maven:maven-artifact:jar:2.0.6:compile
[DEBUG]    org.apache.maven:maven-settings:jar:2.0.6:compile
[DEBUG]    org.apache.maven:maven-model:jar:2.0.6:compile
[DEBUG]    org.apache.maven:maven-monitor:jar:2.0.6:compile
[DEBUG]    org.codehaus.plexus:plexus-container-default:jar:1.0-alpha-9-stable-1:compile
[DEBUG]       junit:junit:jar:3.8.1:compile
[DEBUG]    org.codehaus.plexus:plexus-utils:jar:2.0.5:compile
[DEBUG]    org.apache.maven.shared:maven-filtering:jar:1.0:compile
[DEBUG]       org.sonatype.plexus:plexus-build-api:jar:0.0.4:compile
[DEBUG]    org.codehaus.plexus:plexus-interpolation:jar:1.13:compile
[DEBUG] Created new class realm plugin>org.apache.maven.plugins:maven-resources-plugin:2.5
[DEBUG] Importing foreign packages into class realm plugin>org.apache.maven.plugins:maven-resources-plugin:2.5
[DEBUG]   Imported:  < maven.api
[DEBUG] Populating class realm plugin>org.apache.maven.plugins:maven-resources-plugin:2.5
[DEBUG]   Included: org.apache.maven.plugins:maven-resources-plugin:jar:2.5
[DEBUG]   Included: org.apache.maven.reporting:maven-reporting-api:jar:2.0.6
[DEBUG]   Included: org.apache.maven.doxia:doxia-sink-api:jar:1.0-alpha-7
[DEBUG]   Included: commons-cli:commons-cli:jar:1.0
[DEBUG]   Included: org.codehaus.plexus:plexus-interactivity-api:jar:1.0-alpha-4
[DEBUG]   Included: junit:junit:jar:3.8.1
[DEBUG]   Included: org.codehaus.plexus:plexus-utils:jar:2.0.5
[DEBUG]   Included: org.apache.maven.shared:maven-filtering:jar:1.0
[DEBUG]   Included: org.sonatype.plexus:plexus-build-api:jar:0.0.4
[DEBUG]   Included: org.codehaus.plexus:plexus-interpolation:jar:1.13
[DEBUG]   Excluded: org.apache.maven:maven-plugin-api:jar:2.0.6
[DEBUG]   Excluded: org.apache.maven:maven-project:jar:2.0.6
[DEBUG]   Excluded: org.apache.maven:maven-profile:jar:2.0.6
[DEBUG]   Excluded: org.apache.maven:maven-artifact-manager:jar:2.0.6
[DEBUG]   Excluded: org.apache.maven:maven-plugin-registry:jar:2.0.6
[DEBUG]   Excluded: org.apache.maven:maven-core:jar:2.0.6
[DEBUG]   Excluded: org.apache.maven:maven-plugin-parameter-documenter:jar:2.0.6
[DEBUG]   Excluded: org.apache.maven:maven-repository-metadata:jar:2.0.6
[DEBUG]   Excluded: org.apache.maven:maven-error-diagnostics:jar:2.0.6
[DEBUG]   Excluded: org.apache.maven:maven-plugin-descriptor:jar:2.0.6
[DEBUG]   Excluded: classworlds:classworlds:jar:1.1
[DEBUG]   Excluded: org.apache.maven:maven-artifact:jar:2.0.6
[DEBUG]   Excluded: org.apache.maven:maven-settings:jar:2.0.6
[DEBUG]   Excluded: org.apache.maven:maven-model:jar:2.0.6
[DEBUG]   Excluded: org.apache.maven:maven-monitor:jar:2.0.6
[DEBUG]   Excluded: org.codehaus.plexus:plexus-container-default:jar:1.0-alpha-9-stable-1
[DEBUG] Configuring mojo org.apache.maven.plugins:maven-resources-plugin:2.5:resources from plugin realm ClassRealm[plugin>org.apache.maven.plugins:maven-resources-plugin:2.5, parent: sun.misc.Launcher$AppClassLoader@1cc33893]
[debug] execute contextualize
[DEBUG] Configuring mojo 'org.apache.maven.plugins:maven-resources-plugin:2.5:resources' with basic configurator -->
[DEBUG]   (f) buildFilters = []
[DEBUG]   (f) escapeWindowsPaths = true
[DEBUG]   (s) includeEmptyDirs = false
[DEBUG]   (s) outputDirectory = /data/repositories/github/guvnor_automated_deployment_example/model/target/classes
[DEBUG]   (s) overwrite = false
[DEBUG]   (f) project = MavenProject: paolo.test:model:1.0.0 @ /data/repositories/github/guvnor_automated_deployment_example/model/pom.xml
[DEBUG]   (s) resources = [Resource {targetPath: null, filtering: false, FileSet {directory: /data/repositories/github/guvnor_automated_deployment_example/model/src/main/resources, PatternSet [includes: {}, excludes: {}]}}]
[DEBUG]   (f) session = org.apache.maven.execution.MavenSession@4f21c77b
[DEBUG]   (f) supportMultiLineFiltering = false
[DEBUG]   (f) useBuildFilters = true
[DEBUG]   (s) useDefaultDelimiters = true
[DEBUG] -- end configuration --
[DEBUG] properties used {java.vendor=Oracle Corporation, env.SESSION_MANAGER=local/unix:@/tmp/.ICE-unix/1463,unix/unix:/tmp/.ICE-unix/1463, env.LESSOPEN=||/usr/bin/lesspipe.sh %s, sun.java.launcher=SUN_STANDARD, env.QT_IM_MODULE=xim, sun.management.compiler=HotSpot 64-Bit Tiered Compilers, os.name=Linux, sun.boot.class.path=/usr/lib/jvm/java-1.7.0-openjdk-1.7.0.9.x86_64/jre/lib/resources.jar:/usr/lib/jvm/java-1.7.0-openjdk-1.7.0.9.x86_64/jre/lib/rt.jar:/usr/lib/jvm/java-1.7.0-openjdk-1.7.0.9.x86_64/jre/lib/sunrsasign.jar:/usr/lib/jvm/java-1.7.0-openjdk-1.7.0.9.x86_64/jre/lib/jsse.jar:/usr/lib/jvm/java-1.7.0-openjdk-1.7.0.9.x86_64/jre/lib/jce.jar:/usr/lib/jvm/java-1.7.0-openjdk-1.7.0.9.x86_64/jre/lib/charsets.jar:/usr/lib/jvm/java-1.7.0-openjdk-1.7.0.9.x86_64/jre/lib/netx.jar:/usr/lib/jvm/java-1.7.0-openjdk-1.7.0.9.x86_64/jre/lib/plugin.jar:/usr/lib/jvm/java-1.7.0-openjdk-1.7.0.9.x86_64/jre/lib/rhino.jar:/usr/lib/jvm/java-1.7.0-openjdk-1.7.0.9.x86_64/jre/lib/jfr.jar:/usr/lib/jvm/java-1.7.0-openjdk-1.7.0.9.x86_64/jre/classes, env.PWD=/data/repositories/github/guvnor_automated_deployment_example, env.FORGE_HOME=/data/software/ext/Tools/forge/forge, sun.desktop=gnome, env.LANG=en_GB.utf8, java.vm.specification.vendor=Oracle Corporation, java.runtime.version=1.7.0_09-icedtea-mockbuild_2012_10_17_15_53-b00, env.HISTSIZE=1000, env.XDG_VTNR=1, env.DISPLAY=:0, env.QT_GRAPHICSSYSTEM_CHECKED=1, env.GJS_DEBUG_TOPICS=JS ERROR;JS LOG, user.name=pantinor, maven.build.version=Apache Maven 3.0.4 (rNON-CANONICAL_2012-10-24_11-25_mockbuild; 2012-10-24 12:25:04+0100), env.USER=pantinor, env.HISTCONTROL=ignoredups, env.SHELL=/bin/bash, env.QTLIB=/usr/lib64/qt-3.3/lib, env.DESKTOP_SESSION=gnome, env.NLSPATH=/usr/dt/lib/nls/msg/%L/%N.cat, env.GJS_DEBUG_OUTPUT=stderr, env.PATH=/data/repositories/github/hURL:/data/repositories/github/ispncon/bin:/data/software/ext/sbt/bin:/data/repositories/github/hURL:/data/repositories/github/ispncon/bin:/data/software/ext/sbt/bin:/usr/lib64/qt-3.3/bin:/usr/local/bin:/usr/bin:/bin:/usr/local/sbin:/usr/sbin:/home/pantinor/.local/bin:/home/pantinor/bin:/data/software/ext/Tools/forge/forge/bin:/data/software/ext/mongodb_link/bin, user.language=en, env.LC_MONETARY=en_GB.utf8, env.IMSETTINGS_MODULE=none, sun.boot.library.path=/usr/lib/jvm/java-1.7.0-openjdk-1.7.0.9.x86_64/jre/lib/amd64, classworlds.conf=/usr/share/maven/bin/m2.conf, env.QT_PLUGIN_PATH=/usr/lib64/kde4/plugins:/usr/lib/kde4/plugins, java.version=1.7.0_09-icedtea, user.timezone=Europe/London, env.DBUS_SESSION_BUS_ADDRESS=unix:abstract=/tmp/dbus-qtDNYVUCGa,guid=8e7c6de32603d39610d6dd7900000036, sun.arch.data.model=64, java.endorsed.dirs=/usr/lib/jvm/java-1.7.0-openjdk-1.7.0.9.x86_64/jre/lib/endorsed, sun.cpu.isalist=, sun.jnu.encoding=UTF-8, file.encoding.pkg=sun.io, env.SHLVL=3, file.separator=/, env.HOSTNAME=pantinor.rh, java.specification.name=Java Platform API Specification, env.IMSETTINGS_INTEGRATE_DESKTOP=yes, env.QTDIR=/usr/lib64/qt-3.3, env.GNOME_DESKTOP_SESSION_ID=this-is-deprecated, java.class.version=51.0, env.GDMSESSION=gnome, user.country=GB, env.GNOME_KEYRING_PID=1459, java.home=/usr/lib/jvm/java-1.7.0-openjdk-1.7.0.9.x86_64/jre, java.vm.info=mixed mode, env.LOGNAME=pantinor, os.version=3.6.9-2.fc17.x86_64, path.separator=:, java.vm.version=23.2-b09, env.QTINC=/usr/lib64/qt-3.3/include, env.JAVA_HOME=/usr/lib/jvm/java, java.awt.printerjob=sun.print.PSPrinterJob, env.TERM=xterm, env.WINDOWPATH=1, sun.io.unicode.encoding=UnicodeLittle, awt.toolkit=sun.awt.X11.XToolkit, env.XMODIFIERS=@im=none, env.GDM_LANG=en_GB.utf8, env.LC_MEASUREMENT=en_GB.utf8, user.home=/home/pantinor, env.ISPNCON_HOME=/data/repositories/github/ispncon, env.TERMINATOR_UUID=urn:uuid:56265b4e-b587-4dea-90be-5c31dfa8414b, java.specification.vendor=Oracle Corporation, env.M2_HOME=/usr/share/maven, env.WINDOWID=60817412, java.library.path=/usr/java/packages/lib/amd64:/usr/lib64:/lib64:/lib:/usr/lib, java.vendor.url=http://java.oracle.com/, env.GIO_LAUNCHED_DESKTOP_FILE=/usr/share/applications/terminator.desktop, env.XDG_SEAT=seat0, java.vm.vendor=Oracle Corporation, maven.home=/usr/share/maven, java.runtime.name=OpenJDK Runtime Environment, sun.java.command=org.codehaus.plexus.classworlds.launcher.Launcher install -Pdeploy_brms -X, java.class.path=/usr/share/maven/boot/plexus-classworlds.jar, env.XDG_SESSION_ID=2, maven.version=3.0.4, env.XFILESEARCHPATH=/usr/dt/app-defaults/%L/Dt, java.vm.specification.name=Java Virtual Machine Specification, java.vm.specification.version=1.7, sun.cpu.endian=little, sun.os.patch.level=unknown, env.HOME=/home/pantinor, java.io.tmpdir=/tmp, env.LS_COLORS=rs=0:di=01;34:ln=01;36:mh=00:pi=40;33:so=01;35:do=01;35:bd=40;33;01:cd=40;33;01:or=40;31;01:mi=01;05;37;41:su=37;41:sg=30;43:ca=30;41:tw=30;42:ow=34;42:st=37;44:ex=01;32:*.tar=01;31:*.tgz=01;31:*.arj=01;31:*.taz=01;31:*.lzh=01;31:*.lzma=01;31:*.tlz=01;31:*.txz=01;31:*.zip=01;31:*.z=01;31:*.Z=01;31:*.dz=01;31:*.gz=01;31:*.lz=01;31:*.xz=01;31:*.bz2=01;31:*.tbz=01;31:*.tbz2=01;31:*.bz=01;31:*.tz=01;31:*.deb=01;31:*.rpm=01;31:*.jar=01;31:*.war=01;31:*.ear=01;31:*.sar=01;31:*.rar=01;31:*.ace=01;31:*.zoo=01;31:*.cpio=01;31:*.7z=01;31:*.rz=01;31:*.jpg=01;35:*.jpeg=01;35:*.gif=01;35:*.bmp=01;35:*.pbm=01;35:*.pgm=01;35:*.ppm=01;35:*.tga=01;35:*.xbm=01;35:*.xpm=01;35:*.tif=01;35:*.tiff=01;35:*.png=01;35:*.svg=01;35:*.svgz=01;35:*.mng=01;35:*.pcx=01;35:*.mov=01;35:*.mpg=01;35:*.mpeg=01;35:*.m2v=01;35:*.mkv=01;35:*.ogm=01;35:*.mp4=01;35:*.m4v=01;35:*.mp4v=01;35:*.vob=01;35:*.qt=01;35:*.nuv=01;35:*.wmv=01;35:*.asf=01;35:*.rm=01;35:*.rmvb=01;35:*.flc=01;35:*.avi=01;35:*.fli=01;35:*.flv=01;35:*.gl=01;35:*.dl=01;35:*.xcf=01;35:*.xwd=01;35:*.yuv=01;35:*.cgm=01;35:*.emf=01;35:*.axv=01;35:*.anx=01;35:*.ogv=01;35:*.ogx=01;35:*.aac=01;36:*.au=01;36:*.flac=01;36:*.mid=01;36:*.midi=01;36:*.mka=01;36:*.mp3=01;36:*.mpc=01;36:*.ogg=01;36:*.ra=01;36:*.wav=01;36:*.axa=01;36:*.oga=01;36:*.spx=01;36:*.xspf=01;36:*.pdf=00;33:*.ps=00;33:*.ps.gz=00;33:*.txt=00;33:*.patch=00;33:*.diff=00;33:*.log=00;33:*.tex=00;33:*.xls=00;33:*.xlsx=00;33:*.ppt=00;33:*.pptx=00;33:*.rtf=00;33:*.doc=00;33:*.docx=00;33:*.odt=00;33:*.ods=00;33:*.odp=00;33:*.xml=00;33:*.epub=00;33:*.abw=00;33:*.htm=00;33:*.html=00;33:*.shtml=00;33:*.wpd=00;33:, java.vendor.url.bug=http://bugreport.sun.com/bugreport/, env.SSH_AUTH_SOCK=/run/user/pantinor/keyring-tM9Ozf/ssh, env.KDEDIRS=/usr, os.arch=amd64, java.awt.graphicsenv=sun.awt.X11GraphicsEnvironment, java.ext.dirs=/usr/lib/jvm/java-1.7.0-openjdk-1.7.0.9.x86_64/jre/lib/ext:/usr/java/packages/lib/ext, env.XDG_RUNTIME_DIR=/run/user/pantinor, user.dir=/data/repositories/github/guvnor_automated_deployment_example, env.XAUTHORITY=/var/run/gdm/auth-for-pantinor-5vgh8s/database, line.separator=
, env.LC_NUMERIC=en_GB.utf8, java.vm.name=OpenJDK 64-Bit Server VM, env.COLORTERM=gnome-terminal, env.LC_TIME=en_GB.utf8, env.USERNAME=pantinor, file.encoding=UTF-8, env.MAIL=/var/spool/mail/pantinor, env.GPG_AGENT_INFO=/run/user/pantinor/keyring-tM9Ozf/gpg:0:1, env.GIO_LAUNCHED_DESKTOP_FILE_PID=2480, java.specification.version=1.7, env.KDE_IS_PRELINKED=1, env.GNOME_KEYRING_CONTROL=/run/user/pantinor/keyring-tM9Ozf}
[WARNING] Using platform encoding (UTF-8 actually) to copy filtered resources, i.e. build is platform dependent!
[DEBUG] resource with targetPath null
directory /data/repositories/github/guvnor_automated_deployment_example/model/src/main/resources
excludes []
includes []
[INFO] skip non existing resourceDirectory /data/repositories/github/guvnor_automated_deployment_example/model/src/main/resources
[DEBUG] no use filter components
[INFO] 
[INFO] --- maven-compiler-plugin:2.3.2:compile (default-compile) @ model ---
[DEBUG] org.apache.maven.plugins:maven-compiler-plugin:jar:2.3.2:
[DEBUG]    org.apache.maven:maven-plugin-api:jar:2.0.6:compile
[DEBUG]    org.apache.maven:maven-artifact:jar:2.0.6:compile
[DEBUG]    org.apache.maven:maven-core:jar:2.0.6:compile
[DEBUG]       org.apache.maven:maven-settings:jar:2.0.6:compile
[DEBUG]       org.apache.maven:maven-plugin-parameter-documenter:jar:2.0.6:compile
[DEBUG]       org.apache.maven:maven-profile:jar:2.0.6:compile
[DEBUG]       org.apache.maven:maven-model:jar:2.0.6:compile
[DEBUG]       org.apache.maven:maven-repository-metadata:jar:2.0.6:compile
[DEBUG]       org.apache.maven:maven-error-diagnostics:jar:2.0.6:compile
[DEBUG]       org.apache.maven:maven-project:jar:2.0.6:compile
[DEBUG]          org.apache.maven:maven-plugin-registry:jar:2.0.6:compile
[DEBUG]       org.apache.maven:maven-plugin-descriptor:jar:2.0.6:compile
[DEBUG]       org.apache.maven:maven-artifact-manager:jar:2.0.6:compile
[DEBUG]       org.apache.maven:maven-monitor:jar:2.0.6:compile
[DEBUG]    org.apache.maven:maven-toolchain:jar:1.0:compile
[DEBUG]    org.codehaus.plexus:plexus-utils:jar:2.0.5:compile
[DEBUG]    org.codehaus.plexus:plexus-compiler-api:jar:1.8.1:compile
[DEBUG]    org.codehaus.plexus:plexus-compiler-manager:jar:1.8.1:compile
[DEBUG]    org.codehaus.plexus:plexus-compiler-javac:jar:1.8.1:runtime
[DEBUG] Created new class realm plugin>org.apache.maven.plugins:maven-compiler-plugin:2.3.2
[DEBUG] Importing foreign packages into class realm plugin>org.apache.maven.plugins:maven-compiler-plugin:2.3.2
[DEBUG]   Imported:  < maven.api
[DEBUG] Populating class realm plugin>org.apache.maven.plugins:maven-compiler-plugin:2.3.2
[DEBUG]   Included: org.apache.maven.plugins:maven-compiler-plugin:jar:2.3.2
[DEBUG]   Included: org.codehaus.plexus:plexus-utils:jar:2.0.5
[DEBUG]   Included: org.codehaus.plexus:plexus-compiler-api:jar:1.8.1
[DEBUG]   Included: org.codehaus.plexus:plexus-compiler-manager:jar:1.8.1
[DEBUG]   Included: org.codehaus.plexus:plexus-compiler-javac:jar:1.8.1
[DEBUG]   Excluded: org.apache.maven:maven-plugin-api:jar:2.0.6
[DEBUG]   Excluded: org.apache.maven:maven-artifact:jar:2.0.6
[DEBUG]   Excluded: org.apache.maven:maven-core:jar:2.0.6
[DEBUG]   Excluded: org.apache.maven:maven-settings:jar:2.0.6
[DEBUG]   Excluded: org.apache.maven:maven-plugin-parameter-documenter:jar:2.0.6
[DEBUG]   Excluded: org.apache.maven:maven-profile:jar:2.0.6
[DEBUG]   Excluded: org.apache.maven:maven-model:jar:2.0.6
[DEBUG]   Excluded: org.apache.maven:maven-repository-metadata:jar:2.0.6
[DEBUG]   Excluded: org.apache.maven:maven-error-diagnostics:jar:2.0.6
[DEBUG]   Excluded: org.apache.maven:maven-project:jar:2.0.6
[DEBUG]   Excluded: org.apache.maven:maven-plugin-registry:jar:2.0.6
[DEBUG]   Excluded: org.apache.maven:maven-plugin-descriptor:jar:2.0.6
[DEBUG]   Excluded: org.apache.maven:maven-artifact-manager:jar:2.0.6
[DEBUG]   Excluded: org.apache.maven:maven-monitor:jar:2.0.6
[DEBUG]   Excluded: org.apache.maven:maven-toolchain:jar:1.0
[DEBUG] Configuring mojo org.apache.maven.plugins:maven-compiler-plugin:2.3.2:compile from plugin realm ClassRealm[plugin>org.apache.maven.plugins:maven-compiler-plugin:2.3.2, parent: sun.misc.Launcher$AppClassLoader@1cc33893]
[DEBUG] Configuring mojo 'org.apache.maven.plugins:maven-compiler-plugin:2.3.2:compile' with basic configurator -->
[DEBUG]   (f) basedir = /data/repositories/github/guvnor_automated_deployment_example/model
[DEBUG]   (f) buildDirectory = /data/repositories/github/guvnor_automated_deployment_example/model/target
[DEBUG]   (f) classpathElements = [/data/repositories/github/guvnor_automated_deployment_example/model/target/classes]
[DEBUG]   (f) compileSourceRoots = [/data/repositories/github/guvnor_automated_deployment_example/model/src/main/java]
[DEBUG]   (f) compilerId = javac
[DEBUG]   (f) debug = true
[DEBUG]   (f) failOnError = true
[DEBUG]   (f) fork = false
[DEBUG]   (f) generatedSourcesDirectory = /data/repositories/github/guvnor_automated_deployment_example/model/target/generated-sources/annotations
[DEBUG]   (f) optimize = false
[DEBUG]   (f) outputDirectory = /data/repositories/github/guvnor_automated_deployment_example/model/target/classes
[DEBUG]   (f) outputFileName = model-1.0.0
[DEBUG]   (f) projectArtifact = paolo.test:model:jar:1.0.0
[DEBUG]   (f) session = org.apache.maven.execution.MavenSession@4f21c77b
[DEBUG]   (f) showDeprecation = false
[DEBUG]   (f) showWarnings = false
[DEBUG]   (f) source = 1.5
[DEBUG]   (f) staleMillis = 0
[DEBUG]   (f) target = 1.5
[DEBUG]   (f) verbose = false
[DEBUG] -- end configuration --
[DEBUG] Using compiler 'javac'.
[DEBUG] Source directories: [/data/repositories/github/guvnor_automated_deployment_example/model/src/main/java]
[DEBUG] Classpath: [/data/repositories/github/guvnor_automated_deployment_example/model/target/classes]
[DEBUG] Output directory: /data/repositories/github/guvnor_automated_deployment_example/model/target/classes
[INFO] Nothing to compile - all classes are up to date
[INFO] 
[INFO] --- maven-resources-plugin:2.5:testResources (default-testResources) @ model ---
[DEBUG] Configuring mojo org.apache.maven.plugins:maven-resources-plugin:2.5:testResources from plugin realm ClassRealm[plugin>org.apache.maven.plugins:maven-resources-plugin:2.5, parent: sun.misc.Launcher$AppClassLoader@1cc33893]
[debug] execute contextualize
[DEBUG] Configuring mojo 'org.apache.maven.plugins:maven-resources-plugin:2.5:testResources' with basic configurator -->
[DEBUG]   (f) buildFilters = []
[DEBUG]   (f) escapeWindowsPaths = true
[DEBUG]   (s) includeEmptyDirs = false
[DEBUG]   (s) outputDirectory = /data/repositories/github/guvnor_automated_deployment_example/model/target/test-classes
[DEBUG]   (s) overwrite = false
[DEBUG]   (f) project = MavenProject: paolo.test:model:1.0.0 @ /data/repositories/github/guvnor_automated_deployment_example/model/pom.xml
[DEBUG]   (s) resources = [Resource {targetPath: null, filtering: false, FileSet {directory: /data/repositories/github/guvnor_automated_deployment_example/model/src/test/resources, PatternSet [includes: {}, excludes: {}]}}]
[DEBUG]   (f) session = org.apache.maven.execution.MavenSession@4f21c77b
[DEBUG]   (f) supportMultiLineFiltering = false
[DEBUG]   (f) useBuildFilters = true
[DEBUG]   (s) useDefaultDelimiters = true
[DEBUG] -- end configuration --
[DEBUG] properties used {java.vendor=Oracle Corporation, env.SESSION_MANAGER=local/unix:@/tmp/.ICE-unix/1463,unix/unix:/tmp/.ICE-unix/1463, env.LESSOPEN=||/usr/bin/lesspipe.sh %s, sun.java.launcher=SUN_STANDARD, env.QT_IM_MODULE=xim, sun.management.compiler=HotSpot 64-Bit Tiered Compilers, os.name=Linux, sun.boot.class.path=/usr/lib/jvm/java-1.7.0-openjdk-1.7.0.9.x86_64/jre/lib/resources.jar:/usr/lib/jvm/java-1.7.0-openjdk-1.7.0.9.x86_64/jre/lib/rt.jar:/usr/lib/jvm/java-1.7.0-openjdk-1.7.0.9.x86_64/jre/lib/sunrsasign.jar:/usr/lib/jvm/java-1.7.0-openjdk-1.7.0.9.x86_64/jre/lib/jsse.jar:/usr/lib/jvm/java-1.7.0-openjdk-1.7.0.9.x86_64/jre/lib/jce.jar:/usr/lib/jvm/java-1.7.0-openjdk-1.7.0.9.x86_64/jre/lib/charsets.jar:/usr/lib/jvm/java-1.7.0-openjdk-1.7.0.9.x86_64/jre/lib/netx.jar:/usr/lib/jvm/java-1.7.0-openjdk-1.7.0.9.x86_64/jre/lib/plugin.jar:/usr/lib/jvm/java-1.7.0-openjdk-1.7.0.9.x86_64/jre/lib/rhino.jar:/usr/lib/jvm/java-1.7.0-openjdk-1.7.0.9.x86_64/jre/lib/jfr.jar:/usr/lib/jvm/java-1.7.0-openjdk-1.7.0.9.x86_64/jre/classes, env.PWD=/data/repositories/github/guvnor_automated_deployment_example, env.FORGE_HOME=/data/software/ext/Tools/forge/forge, sun.desktop=gnome, env.LANG=en_GB.utf8, java.vm.specification.vendor=Oracle Corporation, java.runtime.version=1.7.0_09-icedtea-mockbuild_2012_10_17_15_53-b00, env.HISTSIZE=1000, env.XDG_VTNR=1, env.DISPLAY=:0, env.QT_GRAPHICSSYSTEM_CHECKED=1, env.GJS_DEBUG_TOPICS=JS ERROR;JS LOG, user.name=pantinor, maven.build.version=Apache Maven 3.0.4 (rNON-CANONICAL_2012-10-24_11-25_mockbuild; 2012-10-24 12:25:04+0100), env.USER=pantinor, env.HISTCONTROL=ignoredups, env.SHELL=/bin/bash, env.QTLIB=/usr/lib64/qt-3.3/lib, env.DESKTOP_SESSION=gnome, env.NLSPATH=/usr/dt/lib/nls/msg/%L/%N.cat, env.GJS_DEBUG_OUTPUT=stderr, env.PATH=/data/repositories/github/hURL:/data/repositories/github/ispncon/bin:/data/software/ext/sbt/bin:/data/repositories/github/hURL:/data/repositories/github/ispncon/bin:/data/software/ext/sbt/bin:/usr/lib64/qt-3.3/bin:/usr/local/bin:/usr/bin:/bin:/usr/local/sbin:/usr/sbin:/home/pantinor/.local/bin:/home/pantinor/bin:/data/software/ext/Tools/forge/forge/bin:/data/software/ext/mongodb_link/bin, user.language=en, env.LC_MONETARY=en_GB.utf8, env.IMSETTINGS_MODULE=none, sun.boot.library.path=/usr/lib/jvm/java-1.7.0-openjdk-1.7.0.9.x86_64/jre/lib/amd64, classworlds.conf=/usr/share/maven/bin/m2.conf, env.QT_PLUGIN_PATH=/usr/lib64/kde4/plugins:/usr/lib/kde4/plugins, java.version=1.7.0_09-icedtea, user.timezone=Europe/London, env.DBUS_SESSION_BUS_ADDRESS=unix:abstract=/tmp/dbus-qtDNYVUCGa,guid=8e7c6de32603d39610d6dd7900000036, sun.arch.data.model=64, java.endorsed.dirs=/usr/lib/jvm/java-1.7.0-openjdk-1.7.0.9.x86_64/jre/lib/endorsed, sun.cpu.isalist=, sun.jnu.encoding=UTF-8, file.encoding.pkg=sun.io, env.SHLVL=3, file.separator=/, env.HOSTNAME=pantinor.rh, java.specification.name=Java Platform API Specification, env.IMSETTINGS_INTEGRATE_DESKTOP=yes, env.QTDIR=/usr/lib64/qt-3.3, env.GNOME_DESKTOP_SESSION_ID=this-is-deprecated, java.class.version=51.0, env.GDMSESSION=gnome, user.country=GB, env.GNOME_KEYRING_PID=1459, java.home=/usr/lib/jvm/java-1.7.0-openjdk-1.7.0.9.x86_64/jre, java.vm.info=mixed mode, env.LOGNAME=pantinor, os.version=3.6.9-2.fc17.x86_64, path.separator=:, java.vm.version=23.2-b09, env.QTINC=/usr/lib64/qt-3.3/include, env.JAVA_HOME=/usr/lib/jvm/java, java.awt.printerjob=sun.print.PSPrinterJob, env.TERM=xterm, env.WINDOWPATH=1, sun.io.unicode.encoding=UnicodeLittle, awt.toolkit=sun.awt.X11.XToolkit, env.XMODIFIERS=@im=none, env.GDM_LANG=en_GB.utf8, env.LC_MEASUREMENT=en_GB.utf8, user.home=/home/pantinor, env.ISPNCON_HOME=/data/repositories/github/ispncon, env.TERMINATOR_UUID=urn:uuid:56265b4e-b587-4dea-90be-5c31dfa8414b, java.specification.vendor=Oracle Corporation, env.M2_HOME=/usr/share/maven, env.WINDOWID=60817412, java.library.path=/usr/java/packages/lib/amd64:/usr/lib64:/lib64:/lib:/usr/lib, java.vendor.url=http://java.oracle.com/, env.GIO_LAUNCHED_DESKTOP_FILE=/usr/share/applications/terminator.desktop, env.XDG_SEAT=seat0, java.vm.vendor=Oracle Corporation, maven.home=/usr/share/maven, java.runtime.name=OpenJDK Runtime Environment, sun.java.command=org.codehaus.plexus.classworlds.launcher.Launcher install -Pdeploy_brms -X, java.class.path=/usr/share/maven/boot/plexus-classworlds.jar, env.XDG_SESSION_ID=2, maven.version=3.0.4, env.XFILESEARCHPATH=/usr/dt/app-defaults/%L/Dt, java.vm.specification.name=Java Virtual Machine Specification, java.vm.specification.version=1.7, sun.cpu.endian=little, sun.os.patch.level=unknown, env.HOME=/home/pantinor, java.io.tmpdir=/tmp, env.LS_COLORS=rs=0:di=01;34:ln=01;36:mh=00:pi=40;33:so=01;35:do=01;35:bd=40;33;01:cd=40;33;01:or=40;31;01:mi=01;05;37;41:su=37;41:sg=30;43:ca=30;41:tw=30;42:ow=34;42:st=37;44:ex=01;32:*.tar=01;31:*.tgz=01;31:*.arj=01;31:*.taz=01;31:*.lzh=01;31:*.lzma=01;31:*.tlz=01;31:*.txz=01;31:*.zip=01;31:*.z=01;31:*.Z=01;31:*.dz=01;31:*.gz=01;31:*.lz=01;31:*.xz=01;31:*.bz2=01;31:*.tbz=01;31:*.tbz2=01;31:*.bz=01;31:*.tz=01;31:*.deb=01;31:*.rpm=01;31:*.jar=01;31:*.war=01;31:*.ear=01;31:*.sar=01;31:*.rar=01;31:*.ace=01;31:*.zoo=01;31:*.cpio=01;31:*.7z=01;31:*.rz=01;31:*.jpg=01;35:*.jpeg=01;35:*.gif=01;35:*.bmp=01;35:*.pbm=01;35:*.pgm=01;35:*.ppm=01;35:*.tga=01;35:*.xbm=01;35:*.xpm=01;35:*.tif=01;35:*.tiff=01;35:*.png=01;35:*.svg=01;35:*.svgz=01;35:*.mng=01;35:*.pcx=01;35:*.mov=01;35:*.mpg=01;35:*.mpeg=01;35:*.m2v=01;35:*.mkv=01;35:*.ogm=01;35:*.mp4=01;35:*.m4v=01;35:*.mp4v=01;35:*.vob=01;35:*.qt=01;35:*.nuv=01;35:*.wmv=01;35:*.asf=01;35:*.rm=01;35:*.rmvb=01;35:*.flc=01;35:*.avi=01;35:*.fli=01;35:*.flv=01;35:*.gl=01;35:*.dl=01;35:*.xcf=01;35:*.xwd=01;35:*.yuv=01;35:*.cgm=01;35:*.emf=01;35:*.axv=01;35:*.anx=01;35:*.ogv=01;35:*.ogx=01;35:*.aac=01;36:*.au=01;36:*.flac=01;36:*.mid=01;36:*.midi=01;36:*.mka=01;36:*.mp3=01;36:*.mpc=01;36:*.ogg=01;36:*.ra=01;36:*.wav=01;36:*.axa=01;36:*.oga=01;36:*.spx=01;36:*.xspf=01;36:*.pdf=00;33:*.ps=00;33:*.ps.gz=00;33:*.txt=00;33:*.patch=00;33:*.diff=00;33:*.log=00;33:*.tex=00;33:*.xls=00;33:*.xlsx=00;33:*.ppt=00;33:*.pptx=00;33:*.rtf=00;33:*.doc=00;33:*.docx=00;33:*.odt=00;33:*.ods=00;33:*.odp=00;33:*.xml=00;33:*.epub=00;33:*.abw=00;33:*.htm=00;33:*.html=00;33:*.shtml=00;33:*.wpd=00;33:, java.vendor.url.bug=http://bugreport.sun.com/bugreport/, env.SSH_AUTH_SOCK=/run/user/pantinor/keyring-tM9Ozf/ssh, env.KDEDIRS=/usr, os.arch=amd64, java.awt.graphicsenv=sun.awt.X11GraphicsEnvironment, java.ext.dirs=/usr/lib/jvm/java-1.7.0-openjdk-1.7.0.9.x86_64/jre/lib/ext:/usr/java/packages/lib/ext, env.XDG_RUNTIME_DIR=/run/user/pantinor, user.dir=/data/repositories/github/guvnor_automated_deployment_example, env.XAUTHORITY=/var/run/gdm/auth-for-pantinor-5vgh8s/database, line.separator=
, env.LC_NUMERIC=en_GB.utf8, java.vm.name=OpenJDK 64-Bit Server VM, env.COLORTERM=gnome-terminal, env.LC_TIME=en_GB.utf8, env.USERNAME=pantinor, file.encoding=UTF-8, env.MAIL=/var/spool/mail/pantinor, env.GPG_AGENT_INFO=/run/user/pantinor/keyring-tM9Ozf/gpg:0:1, env.GIO_LAUNCHED_DESKTOP_FILE_PID=2480, java.specification.version=1.7, env.KDE_IS_PRELINKED=1, env.GNOME_KEYRING_CONTROL=/run/user/pantinor/keyring-tM9Ozf}
[WARNING] Using platform encoding (UTF-8 actually) to copy filtered resources, i.e. build is platform dependent!
[DEBUG] resource with targetPath null
directory /data/repositories/github/guvnor_automated_deployment_example/model/src/test/resources
excludes []
includes []
[INFO] skip non existing resourceDirectory /data/repositories/github/guvnor_automated_deployment_example/model/src/test/resources
[DEBUG] no use filter components
[INFO] 
[INFO] --- maven-compiler-plugin:2.3.2:testCompile (default-testCompile) @ model ---
[DEBUG] Configuring mojo org.apache.maven.plugins:maven-compiler-plugin:2.3.2:testCompile from plugin realm ClassRealm[plugin>org.apache.maven.plugins:maven-compiler-plugin:2.3.2, parent: sun.misc.Launcher$AppClassLoader@1cc33893]
[DEBUG] Configuring mojo 'org.apache.maven.plugins:maven-compiler-plugin:2.3.2:testCompile' with basic configurator -->
[DEBUG]   (f) basedir = /data/repositories/github/guvnor_automated_deployment_example/model
[DEBUG]   (f) buildDirectory = /data/repositories/github/guvnor_automated_deployment_example/model/target
[DEBUG]   (f) classpathElements = [/data/repositories/github/guvnor_automated_deployment_example/model/target/test-classes, /data/repositories/github/guvnor_automated_deployment_example/model/target/classes]
[DEBUG]   (f) compileSourceRoots = [/data/repositories/github/guvnor_automated_deployment_example/model/src/test/java]
[DEBUG]   (f) compilerId = javac
[DEBUG]   (f) debug = true
[DEBUG]   (f) failOnError = true
[DEBUG]   (f) fork = false
[DEBUG]   (f) generatedTestSourcesDirectory = /data/repositories/github/guvnor_automated_deployment_example/model/target/generated-sources/test-annotations
[DEBUG]   (f) optimize = false
[DEBUG]   (f) outputDirectory = /data/repositories/github/guvnor_automated_deployment_example/model/target/test-classes
[DEBUG]   (f) outputFileName = model-1.0.0
[DEBUG]   (f) session = org.apache.maven.execution.MavenSession@4f21c77b
[DEBUG]   (f) showDeprecation = false
[DEBUG]   (f) showWarnings = false
[DEBUG]   (f) source = 1.5
[DEBUG]   (f) staleMillis = 0
[DEBUG]   (f) target = 1.5
[DEBUG]   (f) verbose = false
[DEBUG] -- end configuration --
[DEBUG] Using compiler 'javac'.
[INFO] No sources to compile
[INFO] 
[INFO] --- maven-surefire-plugin:2.10:test (default-test) @ model ---
[DEBUG] org.apache.maven.plugins:maven-surefire-plugin:jar:2.10:
[DEBUG]    org.apache.maven:maven-plugin-api:jar:2.0.9:compile
[DEBUG]    org.apache.maven.surefire:surefire-booter:jar:2.10:compile
[DEBUG]       org.apache.maven.surefire:surefire-api:jar:2.10:compile
[DEBUG]    org.apache.maven.surefire:maven-surefire-common:jar:2.10:compile
[DEBUG]       org.apache.maven.shared:maven-common-artifact-filters:jar:1.3:compile
[DEBUG]    org.codehaus.plexus:plexus-utils:jar:2.1:compile
[DEBUG]    org.apache.maven:maven-artifact:jar:2.0.9:compile
[DEBUG]    org.apache.maven:maven-project:jar:2.0.9:compile
[DEBUG]       org.apache.maven:maven-settings:jar:2.0.9:compile
[DEBUG]       org.apache.maven:maven-profile:jar:2.0.9:compile
[DEBUG]       org.apache.maven:maven-model:jar:2.0.9:compile
[DEBUG]       org.apache.maven:maven-artifact-manager:jar:2.0.9:compile
[DEBUG]       org.apache.maven:maven-plugin-registry:jar:2.0.9:compile
[DEBUG]       org.codehaus.plexus:plexus-container-default:jar:1.0-alpha-9-stable-1:compile
[DEBUG]          junit:junit:jar:3.8.1:test (scope managed from compile)
[DEBUG]    org.apache.maven:maven-core:jar:2.0.9:compile
[DEBUG]       org.apache.maven:maven-plugin-parameter-documenter:jar:2.0.9:compile
[DEBUG]       org.apache.maven.reporting:maven-reporting-api:jar:2.0.9:compile
[DEBUG]       org.apache.maven:maven-repository-metadata:jar:2.0.9:compile
[DEBUG]       org.apache.maven:maven-error-diagnostics:jar:2.0.9:compile
[DEBUG]       org.apache.maven:maven-plugin-descriptor:jar:2.0.9:compile
[DEBUG]       org.apache.maven:maven-monitor:jar:2.0.9:compile
[DEBUG]       classworlds:classworlds:jar:1.1:compile
[DEBUG]    org.apache.maven:maven-toolchain:jar:2.0.9:compile
[DEBUG] Created new class realm plugin>org.apache.maven.plugins:maven-surefire-plugin:2.10
[DEBUG] Importing foreign packages into class realm plugin>org.apache.maven.plugins:maven-surefire-plugin:2.10
[DEBUG]   Imported:  < maven.api
[DEBUG] Populating class realm plugin>org.apache.maven.plugins:maven-surefire-plugin:2.10
[DEBUG]   Included: org.apache.maven.plugins:maven-surefire-plugin:jar:2.10
[DEBUG]   Included: org.apache.maven.surefire:surefire-booter:jar:2.10
[DEBUG]   Included: org.apache.maven.surefire:surefire-api:jar:2.10
[DEBUG]   Included: org.apache.maven.surefire:maven-surefire-common:jar:2.10
[DEBUG]   Included: org.apache.maven.shared:maven-common-artifact-filters:jar:1.3
[DEBUG]   Included: org.codehaus.plexus:plexus-utils:jar:2.1
[DEBUG]   Included: org.apache.maven.reporting:maven-reporting-api:jar:2.0.9
[DEBUG]   Excluded: org.apache.maven:maven-plugin-api:jar:2.0.9
[DEBUG]   Excluded: org.apache.maven:maven-artifact:jar:2.0.9
[DEBUG]   Excluded: org.apache.maven:maven-project:jar:2.0.9
[DEBUG]   Excluded: org.apache.maven:maven-settings:jar:2.0.9
[DEBUG]   Excluded: org.apache.maven:maven-profile:jar:2.0.9
[DEBUG]   Excluded: org.apache.maven:maven-model:jar:2.0.9
[DEBUG]   Excluded: org.apache.maven:maven-artifact-manager:jar:2.0.9
[DEBUG]   Excluded: org.apache.maven:maven-plugin-registry:jar:2.0.9
[DEBUG]   Excluded: org.codehaus.plexus:plexus-container-default:jar:1.0-alpha-9-stable-1
[DEBUG]   Excluded: junit:junit:jar:3.8.1
[DEBUG]   Excluded: org.apache.maven:maven-core:jar:2.0.9
[DEBUG]   Excluded: org.apache.maven:maven-plugin-parameter-documenter:jar:2.0.9
[DEBUG]   Excluded: org.apache.maven:maven-repository-metadata:jar:2.0.9
[DEBUG]   Excluded: org.apache.maven:maven-error-diagnostics:jar:2.0.9
[DEBUG]   Excluded: org.apache.maven:maven-plugin-descriptor:jar:2.0.9
[DEBUG]   Excluded: org.apache.maven:maven-monitor:jar:2.0.9
[DEBUG]   Excluded: classworlds:classworlds:jar:1.1
[DEBUG]   Excluded: org.apache.maven:maven-toolchain:jar:2.0.9
[DEBUG] Configuring mojo org.apache.maven.plugins:maven-surefire-plugin:2.10:test from plugin realm ClassRealm[plugin>org.apache.maven.plugins:maven-surefire-plugin:2.10, parent: sun.misc.Launcher$AppClassLoader@1cc33893]
[DEBUG] Configuring mojo 'org.apache.maven.plugins:maven-surefire-plugin:2.10:test' with basic configurator -->
[DEBUG]   (s) basedir = /data/repositories/github/guvnor_automated_deployment_example/model
[DEBUG]   (s) childDelegation = false
[DEBUG]   (s) classesDirectory = /data/repositories/github/guvnor_automated_deployment_example/model/target/classes
[DEBUG]   (s) disableXmlReport = false
[DEBUG]   (s) enableAssertions = true
[DEBUG]   (s) forkMode = once
[DEBUG]   (s) junitArtifactName = junit:junit
[DEBUG]   (s) localRepository =        id: local
      url: file:///home/pantinor/.m2/repository/
   layout: none

[DEBUG]   (f) parallelMavenExecution = false
[DEBUG]   (s) perCoreThreadCount = true
[DEBUG]   (s) pluginArtifactMap = {org.apache.maven.plugins:maven-surefire-plugin=org.apache.maven.plugins:maven-surefire-plugin:maven-plugin:2.10:, org.apache.maven.surefire:surefire-booter=org.apache.maven.surefire:surefire-booter:jar:2.10:compile, org.apache.maven.surefire:surefire-api=org.apache.maven.surefire:surefire-api:jar:2.10:compile, org.apache.maven.surefire:maven-surefire-common=org.apache.maven.surefire:maven-surefire-common:jar:2.10:compile, org.apache.maven.shared:maven-common-artifact-filters=org.apache.maven.shared:maven-common-artifact-filters:jar:1.3:compile, org.codehaus.plexus:plexus-utils=org.codehaus.plexus:plexus-utils:jar:2.1:compile, org.apache.maven.reporting:maven-reporting-api=org.apache.maven.reporting:maven-reporting-api:jar:2.0.9:compile}
[DEBUG]   (s) printSummary = true
[DEBUG]   (s) project = MavenProject: paolo.test:model:1.0.0 @ /data/repositories/github/guvnor_automated_deployment_example/model/pom.xml
[DEBUG]   (s) projectArtifactMap = {}
[DEBUG]   (s) redirectTestOutputToFile = false
[DEBUG]   (s) remoteRepositories = [       id: central
      url: http://repository/nexus/content/groups/public
   layout: default
snapshots: [enabled => true, update => daily]
 releases: [enabled => true, update => daily]
]
[DEBUG]   (s) reportFormat = brief
[DEBUG]   (s) reportsDirectory = /data/repositories/github/guvnor_automated_deployment_example/model/target/surefire-reports
[DEBUG]   (s) runOrder = filesystem
[DEBUG]   (s) session = org.apache.maven.execution.MavenSession@4f21c77b
[DEBUG]   (s) skip = false
[DEBUG]   (s) skipTests = false
[DEBUG]   (s) testClassesDirectory = /data/repositories/github/guvnor_automated_deployment_example/model/target/test-classes
[DEBUG]   (s) testFailureIgnore = false
[DEBUG]   (s) testNGArtifactName = org.testng:testng
[DEBUG]   (s) testSourceDirectory = /data/repositories/github/guvnor_automated_deployment_example/model/src/test/java
[DEBUG]   (s) trimStackTrace = true
[DEBUG]   (s) useFile = true
[DEBUG]   (s) useManifestOnlyJar = true
[DEBUG]   (s) useSystemClassLoader = true
[DEBUG]   (s) useUnlimitedThreads = false
[DEBUG]   (s) workingDirectory = /data/repositories/github/guvnor_automated_deployment_example/model
[DEBUG] -- end configuration --
[INFO] No tests to run.
[INFO] Surefire report directory: /data/repositories/github/guvnor_automated_deployment_example/model/target/surefire-reports
[DEBUG] dummy:dummy:jar:1.0 (selected for null)
[DEBUG]   org.apache.maven.surefire:surefire-booter:jar:2.10:compile (selected for compile)
[DEBUG]     org.apache.maven.surefire:surefire-api:jar:2.10:compile (selected for compile)
[DEBUG] Adding to surefire booter test classpath: /home/pantinor/.m2/repository/org/apache/maven/surefire/surefire-booter/2.10/surefire-booter-2.10.jar Scope: compile
[DEBUG] Adding to surefire booter test classpath: /home/pantinor/.m2/repository/org/apache/maven/surefire/surefire-api/2.10/surefire-api-2.10.jar Scope: compile
[DEBUG] Setting system property [user.dir]=[/data/repositories/github/guvnor_automated_deployment_example/model]
[DEBUG] Setting system property [localRepository]=[/home/pantinor/.m2/repository]
[DEBUG] Setting system property [basedir]=[/data/repositories/github/guvnor_automated_deployment_example/model]
[DEBUG] Using JVM: /usr/lib/jvm/java-1.7.0-openjdk-1.7.0.9.x86_64/jre/bin/java
[DEBUG] dummy:dummy:jar:1.0 (selected for null)
[DEBUG]   org.apache.maven.surefire:surefire-junit3:jar:2.10:test (selected for test)
[DEBUG]     org.apache.maven.surefire:surefire-api:jar:2.10:test (selected for test)
[DEBUG] Adding to surefire test classpath: /home/pantinor/.m2/repository/org/apache/maven/surefire/surefire-junit3/2.10/surefire-junit3-2.10.jar Scope: test
[DEBUG] Adding to surefire test classpath: /home/pantinor/.m2/repository/org/apache/maven/surefire/surefire-api/2.10/surefire-api-2.10.jar Scope: test
[DEBUG] test classpath classpath:
[DEBUG]   /data/repositories/github/guvnor_automated_deployment_example/model/target/test-classes
[DEBUG]   /data/repositories/github/guvnor_automated_deployment_example/model/target/classes
[DEBUG] provider classpath classpath:
[DEBUG]   /home/pantinor/.m2/repository/org/apache/maven/surefire/surefire-junit3/2.10/surefire-junit3-2.10.jar
[DEBUG]   /home/pantinor/.m2/repository/org/apache/maven/surefire/surefire-api/2.10/surefire-api-2.10.jar

-------------------------------------------------------
 T E S T S
-------------------------------------------------------
Forking command line: /bin/sh -c cd /data/repositories/github/guvnor_automated_deployment_example/model && /usr/lib/jvm/java-1.7.0-openjdk-1.7.0.9.x86_64/jre/bin/java -jar /data/repositories/github/guvnor_automated_deployment_example/model/target/surefire/surefirebooter1486567667071360263.jar /data/repositories/github/guvnor_automated_deployment_example/model/target/surefire/surefire5260501987330333834tmp /data/repositories/github/guvnor_automated_deployment_example/model/target/surefire/surefire8414133934641341431tmp

Results :

Tests run: 0, Failures: 0, Errors: 0, Skipped: 0

[INFO] 
[INFO] --- maven-jar-plugin:2.3.2:jar (default-jar) @ model ---
[DEBUG] org.apache.maven.plugins:maven-jar-plugin:jar:2.3.2:
[DEBUG]    org.apache.maven:maven-plugin-api:jar:2.0.6:compile
[DEBUG]    org.apache.maven:maven-project:jar:2.0.6:compile
[DEBUG]       org.apache.maven:maven-settings:jar:2.0.6:compile
[DEBUG]       org.apache.maven:maven-profile:jar:2.0.6:compile
[DEBUG]       org.apache.maven:maven-artifact-manager:jar:2.0.6:compile
[DEBUG]          org.apache.maven:maven-repository-metadata:jar:2.0.6:compile
[DEBUG]       org.apache.maven:maven-plugin-registry:jar:2.0.6:compile
[DEBUG]       org.codehaus.plexus:plexus-container-default:jar:1.0-alpha-9-stable-1:compile
[DEBUG]          junit:junit:jar:3.8.1:compile
[DEBUG]          classworlds:classworlds:jar:1.1-alpha-2:compile
[DEBUG]    org.apache.maven:maven-model:jar:2.0.6:runtime
[DEBUG]    org.apache.maven:maven-artifact:jar:2.0.6:compile
[DEBUG]    org.apache.maven:maven-archiver:jar:2.4.2:compile
[DEBUG]       org.codehaus.plexus:plexus-interpolation:jar:1.13:compile
[DEBUG]    org.codehaus.plexus:plexus-archiver:jar:2.0.1:compile
[DEBUG]       org.codehaus.plexus:plexus-io:jar:2.0.1:compile
[DEBUG]    commons-lang:commons-lang:jar:2.1:compile
[DEBUG]    org.codehaus.plexus:plexus-utils:jar:3.0:compile
[DEBUG] Created new class realm plugin>org.apache.maven.plugins:maven-jar-plugin:2.3.2
[DEBUG] Importing foreign packages into class realm plugin>org.apache.maven.plugins:maven-jar-plugin:2.3.2
[DEBUG]   Imported:  < maven.api
[DEBUG] Populating class realm plugin>org.apache.maven.plugins:maven-jar-plugin:2.3.2
[DEBUG]   Included: org.apache.maven.plugins:maven-jar-plugin:jar:2.3.2
[DEBUG]   Included: junit:junit:jar:3.8.1
[DEBUG]   Included: org.apache.maven:maven-archiver:jar:2.4.2
[DEBUG]   Included: org.codehaus.plexus:plexus-interpolation:jar:1.13
[DEBUG]   Included: org.codehaus.plexus:plexus-archiver:jar:2.0.1
[DEBUG]   Included: org.codehaus.plexus:plexus-io:jar:2.0.1
[DEBUG]   Included: commons-lang:commons-lang:jar:2.1
[DEBUG]   Included: org.codehaus.plexus:plexus-utils:jar:3.0
[DEBUG]   Excluded: org.apache.maven:maven-plugin-api:jar:2.0.6
[DEBUG]   Excluded: org.apache.maven:maven-project:jar:2.0.6
[DEBUG]   Excluded: org.apache.maven:maven-settings:jar:2.0.6
[DEBUG]   Excluded: org.apache.maven:maven-profile:jar:2.0.6
[DEBUG]   Excluded: org.apache.maven:maven-artifact-manager:jar:2.0.6
[DEBUG]   Excluded: org.apache.maven:maven-repository-metadata:jar:2.0.6
[DEBUG]   Excluded: org.apache.maven:maven-plugin-registry:jar:2.0.6
[DEBUG]   Excluded: org.codehaus.plexus:plexus-container-default:jar:1.0-alpha-9-stable-1
[DEBUG]   Excluded: classworlds:classworlds:jar:1.1-alpha-2
[DEBUG]   Excluded: org.apache.maven:maven-model:jar:2.0.6
[DEBUG]   Excluded: org.apache.maven:maven-artifact:jar:2.0.6
[DEBUG] Configuring mojo org.apache.maven.plugins:maven-jar-plugin:2.3.2:jar from plugin realm ClassRealm[plugin>org.apache.maven.plugins:maven-jar-plugin:2.3.2, parent: sun.misc.Launcher$AppClassLoader@1cc33893]
[DEBUG] Configuring mojo 'org.apache.maven.plugins:maven-jar-plugin:2.3.2:jar' with basic configurator -->
[DEBUG]   (f) classesDirectory = /data/repositories/github/guvnor_automated_deployment_example/model/target/classes
[DEBUG]   (f) defaultManifestFile = /data/repositories/github/guvnor_automated_deployment_example/model/target/classes/META-INF/MANIFEST.MF
[DEBUG]   (f) finalName = model-1.0.0
[DEBUG]   (f) forceCreation = false
[DEBUG]   (f) outputDirectory = /data/repositories/github/guvnor_automated_deployment_example/model/target
[DEBUG]   (f) project = MavenProject: paolo.test:model:1.0.0 @ /data/repositories/github/guvnor_automated_deployment_example/model/pom.xml
[DEBUG]   (f) useDefaultManifestFile = false
[DEBUG] -- end configuration --
[DEBUG] isUp2date: true
[DEBUG] Archive /data/repositories/github/guvnor_automated_deployment_example/model/target/model-1.0.0.jar is uptodate.
[INFO] 
[INFO] --- maven-install-plugin:2.3.1:install (default-install) @ model ---
[DEBUG] org.apache.maven.plugins:maven-install-plugin:jar:2.3.1:
[DEBUG]    org.apache.maven:maven-plugin-api:jar:2.0.6:compile
[DEBUG]    org.apache.maven:maven-project:jar:2.0.6:compile
[DEBUG]       org.apache.maven:maven-settings:jar:2.0.6:compile
[DEBUG]       org.apache.maven:maven-profile:jar:2.0.6:compile
[DEBUG]       org.apache.maven:maven-plugin-registry:jar:2.0.6:compile
[DEBUG]       org.codehaus.plexus:plexus-container-default:jar:1.0-alpha-9-stable-1:compile
[DEBUG]          junit:junit:jar:3.8.1:compile
[DEBUG]          classworlds:classworlds:jar:1.1-alpha-2:compile
[DEBUG]    org.apache.maven:maven-model:jar:2.0.6:compile
[DEBUG]    org.apache.maven:maven-artifact-manager:jar:2.0.6:compile
[DEBUG]       org.apache.maven:maven-repository-metadata:jar:2.0.6:compile
[DEBUG]    org.apache.maven:maven-artifact:jar:2.0.6:compile
[DEBUG]    org.codehaus.plexus:plexus-utils:jar:2.0.5:compile
[DEBUG]    org.codehaus.plexus:plexus-digest:jar:1.0:compile
[DEBUG] Created new class realm plugin>org.apache.maven.plugins:maven-install-plugin:2.3.1
[DEBUG] Importing foreign packages into class realm plugin>org.apache.maven.plugins:maven-install-plugin:2.3.1
[DEBUG]   Imported:  < maven.api
[DEBUG] Populating class realm plugin>org.apache.maven.plugins:maven-install-plugin:2.3.1
[DEBUG]   Included: org.apache.maven.plugins:maven-install-plugin:jar:2.3.1
[DEBUG]   Included: junit:junit:jar:3.8.1
[DEBUG]   Included: org.codehaus.plexus:plexus-utils:jar:2.0.5
[DEBUG]   Included: org.codehaus.plexus:plexus-digest:jar:1.0
[DEBUG]   Excluded: org.apache.maven:maven-plugin-api:jar:2.0.6
[DEBUG]   Excluded: org.apache.maven:maven-project:jar:2.0.6
[DEBUG]   Excluded: org.apache.maven:maven-settings:jar:2.0.6
[DEBUG]   Excluded: org.apache.maven:maven-profile:jar:2.0.6
[DEBUG]   Excluded: org.apache.maven:maven-plugin-registry:jar:2.0.6
[DEBUG]   Excluded: org.codehaus.plexus:plexus-container-default:jar:1.0-alpha-9-stable-1
[DEBUG]   Excluded: classworlds:classworlds:jar:1.1-alpha-2
[DEBUG]   Excluded: org.apache.maven:maven-model:jar:2.0.6
[DEBUG]   Excluded: org.apache.maven:maven-artifact-manager:jar:2.0.6
[DEBUG]   Excluded: org.apache.maven:maven-repository-metadata:jar:2.0.6
[DEBUG]   Excluded: org.apache.maven:maven-artifact:jar:2.0.6
[DEBUG] Configuring mojo org.apache.maven.plugins:maven-install-plugin:2.3.1:install from plugin realm ClassRealm[plugin>org.apache.maven.plugins:maven-install-plugin:2.3.1, parent: sun.misc.Launcher$AppClassLoader@1cc33893]
[DEBUG] Configuring mojo 'org.apache.maven.plugins:maven-install-plugin:2.3.1:install' with basic configurator -->
[DEBUG]   (f) artifact = paolo.test:model:jar:1.0.0
[DEBUG]   (f) attachedArtifacts = []
[DEBUG]   (f) createChecksum = false
[DEBUG]   (f) localRepository =        id: local
      url: file:///home/pantinor/.m2/repository/
   layout: none

[DEBUG]   (f) packaging = jar
[DEBUG]   (f) pomFile = /data/repositories/github/guvnor_automated_deployment_example/model/pom.xml
[DEBUG]   (f) updateReleaseInfo = false
[DEBUG] -- end configuration --
[INFO] Installing /data/repositories/github/guvnor_automated_deployment_example/model/target/model-1.0.0.jar to /home/pantinor/.m2/repository/paolo/test/model/1.0.0/model-1.0.0.jar
[DEBUG] Skipped re-installing /data/repositories/github/guvnor_automated_deployment_example/model/target/model-1.0.0.jar to /home/pantinor/.m2/repository/paolo/test/model/1.0.0/model-1.0.0.jar, seems unchanged
[DEBUG] Writing resolution tracking file /home/pantinor/.m2/repository/paolo/test/model/1.0.0/_maven.repositories
[INFO] Installing /data/repositories/github/guvnor_automated_deployment_example/model/pom.xml to /home/pantinor/.m2/repository/paolo/test/model/1.0.0/model-1.0.0.pom
[DEBUG] Writing resolution tracking file /home/pantinor/.m2/repository/paolo/test/model/1.0.0/_maven.repositories
[DEBUG] Installing paolo.test:model/maven-metadata.xml to /home/pantinor/.m2/repository/paolo/test/model/maven-metadata-local.xml
[INFO]                                                                         
[INFO] ------------------------------------------------------------------------
[INFO] Building Build Guvnor Full Repository 1.0.0
[INFO] ------------------------------------------------------------------------
[DEBUG] Lifecycle default -> [validate, initialize, generate-sources, process-sources, generate-resources, process-resources, compile, process-classes, generate-test-sources, process-test-sources, generate-test-resources, process-test-resources, test-compile, process-test-classes, test, prepare-package, package, pre-integration-test, integration-test, post-integration-test, verify, install, deploy]
[DEBUG] Lifecycle clean -> [pre-clean, clean, post-clean]
[DEBUG] Lifecycle site -> [pre-site, site, post-site, site-deploy]
[DEBUG] Lifecycle default -> [validate, initialize, generate-sources, process-sources, generate-resources, process-resources, compile, process-classes, generate-test-sources, process-test-sources, generate-test-resources, process-test-resources, test-compile, process-test-classes, test, prepare-package, package, pre-integration-test, integration-test, post-integration-test, verify, install, deploy]
[DEBUG] Lifecycle clean -> [pre-clean, clean, post-clean]
[DEBUG] Lifecycle site -> [pre-site, site, post-site, site-deploy]
[DEBUG] Lifecycle default -> [validate, initialize, generate-sources, process-sources, generate-resources, process-resources, compile, process-classes, generate-test-sources, process-test-sources, generate-test-resources, process-test-resources, test-compile, process-test-classes, test, prepare-package, package, pre-integration-test, integration-test, post-integration-test, verify, install, deploy]
[DEBUG] Lifecycle clean -> [pre-clean, clean, post-clean]
[DEBUG] Lifecycle site -> [pre-site, site, post-site, site-deploy]
[DEBUG] Lifecycle default -> [validate, initialize, generate-sources, process-sources, generate-resources, process-resources, compile, process-classes, generate-test-sources, process-test-sources, generate-test-resources, process-test-resources, test-compile, process-test-classes, test, prepare-package, package, pre-integration-test, integration-test, post-integration-test, verify, install, deploy]
[DEBUG] Lifecycle clean -> [pre-clean, clean, post-clean]
[DEBUG] Lifecycle site -> [pre-site, site, post-site, site-deploy]
[DEBUG] Lifecycle default -> [validate, initialize, generate-sources, process-sources, generate-resources, process-resources, compile, process-classes, generate-test-sources, process-test-sources, generate-test-resources, process-test-resources, test-compile, process-test-classes, test, prepare-package, package, pre-integration-test, integration-test, post-integration-test, verify, install, deploy]
[DEBUG] Lifecycle clean -> [pre-clean, clean, post-clean]
[DEBUG] Lifecycle site -> [pre-site, site, post-site, site-deploy]
[DEBUG] Lifecycle default -> [validate, initialize, generate-sources, process-sources, generate-resources, process-resources, compile, process-classes, generate-test-sources, process-test-sources, generate-test-resources, process-test-resources, test-compile, process-test-classes, test, prepare-package, package, pre-integration-test, integration-test, post-integration-test, verify, install, deploy]
[DEBUG] Lifecycle clean -> [pre-clean, clean, post-clean]
[DEBUG] Lifecycle site -> [pre-site, site, post-site, site-deploy]
[DEBUG] Lifecycle default -> [validate, initialize, generate-sources, process-sources, generate-resources, process-resources, compile, process-classes, generate-test-sources, process-test-sources, generate-test-resources, process-test-resources, test-compile, process-test-classes, test, prepare-package, package, pre-integration-test, integration-test, post-integration-test, verify, install, deploy]
[DEBUG] Lifecycle clean -> [pre-clean, clean, post-clean]
[DEBUG] Lifecycle site -> [pre-site, site, post-site, site-deploy]
[DEBUG] Lifecycle default -> [validate, initialize, generate-sources, process-sources, generate-resources, process-resources, compile, process-classes, generate-test-sources, process-test-sources, generate-test-resources, process-test-resources, test-compile, process-test-classes, test, prepare-package, package, pre-integration-test, integration-test, post-integration-test, verify, install, deploy]
[DEBUG] Lifecycle clean -> [pre-clean, clean, post-clean]
[DEBUG] Lifecycle site -> [pre-site, site, post-site, site-deploy]
[DEBUG] === PROJECT BUILD PLAN ================================================
[DEBUG] Project:       paolo.test:rules:1.0.0
[DEBUG] Dependencies (collect): []
[DEBUG] Dependencies (resolve): [compile, runtime, test]
[DEBUG] Repositories (dependencies): [public (http://repository/nexus/content/groups/public, releases+snapshots), jboss (http://repository/nexus/content/repositories/jboss-releases, releases+snapshots), artifactory (http://cloud-artifactory:8081/artifactory/tescobank, releases+snapshots), thirdparty (http://repository/nexus/content/repositories/thirdparty, releases+snapshots), maven_central (http://repo1.maven.org/maven2, releases+snapshots), central (http://repo.maven.apache.org/maven2, releases)]
[DEBUG] Repositories (plugins)     : [central (http://repository/nexus/content/groups/public, releases+snapshots)]
[DEBUG] -----------------------------------------------------------------------
[DEBUG] Goal:          org.apache.maven.plugins:maven-resources-plugin:2.5:resources (default-resources)
[DEBUG] Style:         Regular
[DEBUG] Configuration: <?xml version="1.0" encoding="UTF-8"?>
<configuration>
  <buildFilters default-value="${project.build.filters}"/>
  <encoding default-value="${project.build.sourceEncoding}">${encoding}</encoding>
  <escapeString>${maven.resources.escapeString}</escapeString>
  <escapeWindowsPaths default-value="true">${maven.resources.escapeWindowsPaths}</escapeWindowsPaths>
  <includeEmptyDirs default-value="false">${maven.resources.includeEmptyDirs}</includeEmptyDirs>
  <outputDirectory default-value="${project.build.outputDirectory}"/>
  <overwrite default-value="false">${maven.resources.overwrite}</overwrite>
  <project default-value="${project}"/>
  <resources default-value="${project.resources}"/>
  <session default-value="${session}"/>
  <supportMultiLineFiltering default-value="false">${maven.resources.supportMultiLineFiltering}</supportMultiLineFiltering>
  <useBuildFilters default-value="true"/>
  <useDefaultDelimiters default-value="true"/>
</configuration>
[DEBUG] -----------------------------------------------------------------------
[DEBUG] Goal:          org.apache.maven.plugins:maven-compiler-plugin:2.3.2:compile (default-compile)
[DEBUG] Style:         Regular
[DEBUG] Configuration: <?xml version="1.0" encoding="UTF-8"?>
<configuration>
  <basedir default-value="${basedir}"/>
  <buildDirectory default-value="${project.build.directory}"/>
  <classpathElements default-value="${project.compileClasspathElements}"/>
  <compileSourceRoots default-value="${project.compileSourceRoots}"/>
  <compilerId default-value="javac">${maven.compiler.compilerId}</compilerId>
  <compilerVersion>${maven.compiler.compilerVersion}</compilerVersion>
  <debug default-value="true">${maven.compiler.debug}</debug>
  <debuglevel>${maven.compiler.debuglevel}</debuglevel>
  <encoding default-value="${project.build.sourceEncoding}">${encoding}</encoding>
  <executable>${maven.compiler.executable}</executable>
  <failOnError default-value="true">${maven.compiler.failOnError}</failOnError>
  <fork default-value="false">${maven.compiler.fork}</fork>
  <generatedSourcesDirectory default-value="${project.build.directory}/generated-sources/annotations"/>
  <maxmem>${maven.compiler.maxmem}</maxmem>
  <meminitial>${maven.compiler.meminitial}</meminitial>
  <optimize default-value="false">${maven.compiler.optimize}</optimize>
  <outputDirectory default-value="${project.build.outputDirectory}"/>
  <outputFileName>${project.build.finalName}</outputFileName>
  <projectArtifact default-value="${project.artifact}"/>
  <session default-value="${session}"/>
  <showDeprecation default-value="false">${maven.compiler.showDeprecation}</showDeprecation>
  <showWarnings default-value="false">${maven.compiler.showWarnings}</showWarnings>
  <source default-value="1.5">${maven.compiler.source}</source>
  <staleMillis default-value="0">${lastModGranularityMs}</staleMillis>
  <target default-value="1.5">${maven.compiler.target}</target>
  <verbose default-value="false">${maven.compiler.verbose}</verbose>
</configuration>
[DEBUG] -----------------------------------------------------------------------
[DEBUG] Goal:          org.apache.maven.plugins:maven-resources-plugin:2.5:testResources (default-testResources)
[DEBUG] Style:         Regular
[DEBUG] Configuration: <?xml version="1.0" encoding="UTF-8"?>
<configuration>
  <buildFilters default-value="${project.build.filters}"/>
  <encoding default-value="${project.build.sourceEncoding}">${encoding}</encoding>
  <escapeString>${maven.resources.escapeString}</escapeString>
  <escapeWindowsPaths default-value="true">${maven.resources.escapeWindowsPaths}</escapeWindowsPaths>
  <includeEmptyDirs default-value="false">${maven.resources.includeEmptyDirs}</includeEmptyDirs>
  <outputDirectory>${project.build.testOutputDirectory}</outputDirectory>
  <overwrite default-value="false">${maven.resources.overwrite}</overwrite>
  <project default-value="${project}"/>
  <resources>${project.testResources}</resources>
  <session default-value="${session}"/>
  <supportMultiLineFiltering default-value="false">${maven.resources.supportMultiLineFiltering}</supportMultiLineFiltering>
  <useBuildFilters default-value="true"/>
  <useDefaultDelimiters default-value="true"/>
</configuration>
[DEBUG] -----------------------------------------------------------------------
[DEBUG] Goal:          org.apache.maven.plugins:maven-compiler-plugin:2.3.2:testCompile (default-testCompile)
[DEBUG] Style:         Regular
[DEBUG] Configuration: <?xml version="1.0" encoding="UTF-8"?>
<configuration>
  <basedir default-value="${basedir}"/>
  <buildDirectory default-value="${project.build.directory}"/>
  <classpathElements default-value="${project.testClasspathElements}"/>
  <compileSourceRoots default-value="${project.testCompileSourceRoots}"/>
  <compilerId default-value="javac">${maven.compiler.compilerId}</compilerId>
  <compilerVersion>${maven.compiler.compilerVersion}</compilerVersion>
  <debug default-value="true">${maven.compiler.debug}</debug>
  <debuglevel>${maven.compiler.debuglevel}</debuglevel>
  <encoding default-value="${project.build.sourceEncoding}">${encoding}</encoding>
  <executable>${maven.compiler.executable}</executable>
  <failOnError default-value="true">${maven.compiler.failOnError}</failOnError>
  <fork default-value="false">${maven.compiler.fork}</fork>
  <generatedTestSourcesDirectory default-value="${project.build.directory}/generated-sources/test-annotations"/>
  <maxmem>${maven.compiler.maxmem}</maxmem>
  <meminitial>${maven.compiler.meminitial}</meminitial>
  <optimize default-value="false">${maven.compiler.optimize}</optimize>
  <outputDirectory default-value="${project.build.testOutputDirectory}"/>
  <outputFileName>${project.build.finalName}</outputFileName>
  <session default-value="${session}"/>
  <showDeprecation default-value="false">${maven.compiler.showDeprecation}</showDeprecation>
  <showWarnings default-value="false">${maven.compiler.showWarnings}</showWarnings>
  <skip>${maven.test.skip}</skip>
  <source default-value="1.5">${maven.compiler.source}</source>
  <staleMillis default-value="0">${lastModGranularityMs}</staleMillis>
  <target default-value="1.5">${maven.compiler.target}</target>
  <testSource>${maven.compiler.testSource}</testSource>
  <testTarget>${maven.compiler.testTarget}</testTarget>
  <verbose default-value="false">${maven.compiler.verbose}</verbose>
</configuration>
[DEBUG] -----------------------------------------------------------------------
[DEBUG] Goal:          org.apache.maven.plugins:maven-surefire-plugin:2.10:test (default-test)
[DEBUG] Style:         Regular
[DEBUG] Configuration: <?xml version="1.0" encoding="UTF-8"?>
<configuration>
  <argLine>${argLine}</argLine>
  <basedir default-value="${basedir}"/>
  <childDelegation default-value="false">${childDelegation}</childDelegation>
  <classesDirectory default-value="${project.build.outputDirectory}"/>
  <debugForkedProcess>${maven.surefire.debug}</debugForkedProcess>
  <disableXmlReport default-value="false">${disableXmlReport}</disableXmlReport>
  <enableAssertions default-value="true">${enableAssertions}</enableAssertions>
  <excludedGroups>${excludedGroups}</excludedGroups>
  <failIfNoTests>${failIfNoTests}</failIfNoTests>
  <forkMode default-value="once">${forkMode}</forkMode>
  <forkedProcessTimeoutInSeconds>${surefire.timeout}</forkedProcessTimeoutInSeconds>
  <groups>${groups}</groups>
  <junitArtifactName default-value="junit:junit">${junitArtifactName}</junitArtifactName>
  <jvm>${jvm}</jvm>
  <localRepository>${localRepository}</localRepository>
  <objectFactory>${objectFactory}</objectFactory>
  <parallel>${parallel}</parallel>
  <parallelMavenExecution default-value="${session.parallel}"/>
  <perCoreThreadCount default-value="true">${perCoreThreadCount}</perCoreThreadCount>
  <pluginArtifactMap>${plugin.artifactMap}</pluginArtifactMap>
  <printSummary default-value="true">${surefire.printSummary}</printSummary>
  <project default-value="${project}"/>
  <projectArtifactMap>${project.artifactMap}</projectArtifactMap>
  <redirectTestOutputToFile default-value="false">${maven.test.redirectTestOutputToFile}</redirectTestOutputToFile>
  <remoteRepositories>${project.pluginArtifactRepositories}</remoteRepositories>
  <reportFormat default-value="brief">${surefire.reportFormat}</reportFormat>
  <reportNameSuffix default-value="">${surefire.reportNameSuffix}</reportNameSuffix>
  <reportsDirectory default-value="${project.build.directory}/surefire-reports"/>
  <runOrder default-value="filesystem"/>
  <session>${session}</session>
  <skip default-value="false">${maven.test.skip}</skip>
  <skipExec>${maven.test.skip.exec}</skipExec>
  <skipTests default-value="false">${skipTests}</skipTests>
  <test>${test}</test>
  <testClassesDirectory default-value="${project.build.testOutputDirectory}"/>
  <testFailureIgnore default-value="false">${maven.test.failure.ignore}</testFailureIgnore>
  <testNGArtifactName default-value="org.testng:testng">${testNGArtifactName}</testNGArtifactName>
  <testSourceDirectory default-value="${project.build.testSourceDirectory}"/>
  <threadCount>${threadCount}</threadCount>
  <trimStackTrace default-value="true">${trimStackTrace}</trimStackTrace>
  <useFile default-value="true">${surefire.useFile}</useFile>
  <useManifestOnlyJar default-value="true">${surefire.useManifestOnlyJar}</useManifestOnlyJar>
  <useSystemClassLoader default-value="true">${surefire.useSystemClassLoader}</useSystemClassLoader>
  <useUnlimitedThreads default-value="false">${useUnlimitedThreads}</useUnlimitedThreads>
  <workingDirectory>${basedir}</workingDirectory>
</configuration>
[DEBUG] -----------------------------------------------------------------------
[DEBUG] Goal:          org.apache.maven.plugins:maven-jar-plugin:2.3.2:jar (default-jar)
[DEBUG] Style:         Regular
[DEBUG] Configuration: <?xml version="1.0" encoding="UTF-8"?>
<configuration>
  <classesDirectory default-value="${project.build.outputDirectory}"/>
  <defaultManifestFile default-value="${project.build.outputDirectory}/META-INF/MANIFEST.MF"/>
  <finalName default-value="${project.build.finalName}">${jar.finalName}</finalName>
  <forceCreation default-value="false">${jar.forceCreation}</forceCreation>
  <outputDirectory default-value="${project.build.directory}"/>
  <project default-value="${project}"/>
  <useDefaultManifestFile default-value="false">${jar.useDefaultManifestFile}</useDefaultManifestFile>
</configuration>
[DEBUG] -----------------------------------------------------------------------
[DEBUG] Goal:          org.apache.maven.plugins:maven-install-plugin:2.3.1:install (default-install)
[DEBUG] Style:         Regular
[DEBUG] Configuration: <?xml version="1.0" encoding="UTF-8"?>
<configuration>
  <artifact default-value="${project.artifact}"/>
  <attachedArtifacts default-value="${project.attachedArtifacts}"/>
  <createChecksum default-value="false">${createChecksum}</createChecksum>
  <localRepository>${localRepository}</localRepository>
  <packaging default-value="${project.packaging}"/>
  <pomFile default-value="${project.file}"/>
  <updateReleaseInfo default-value="false">${updateReleaseInfo}</updateReleaseInfo>
</configuration>
[DEBUG] -----------------------------------------------------------------------
[DEBUG] Goal:          org.codehaus.groovy.maven:gmaven-plugin:1.0:execute (default)
[DEBUG] Style:         Regular
[DEBUG] Configuration: <?xml version="1.0" encoding="UTF-8"?>
<configuration>
  <artifactRepository>${localRepository}</artifactRepository>
  <pluginArtifactMap>${plugin.artifactMap}</pluginArtifactMap>
  <pluginArtifacts>${plugin.artifacts}</pluginArtifacts>
  <project>${project}</project>
  <providerSelection>${gmaven.runtime}</providerSelection>
  <remoteRepositories>${project.pluginArtifactRepositories}</remoteRepositories>
  <sanitizeErrors default-value="true"/>
  <session>${session}</session>
  <settings>${settings}</settings>
  <source>import org.apache.http.impl.client.DefaultHttpClient
                    import org.apache.http.client.methods.HttpPost
                    import org.apache.http.entity.mime.MultipartEntity
                    import org.apache.http.entity.mime.content.FileBody
                    import org.apache.http.auth.AuthScope
                    import org.apache.http.auth.UsernamePasswordCredentials

                    // The input:


                    def name = &quot;rules/repository_export.xml&quot;
                    print &quot;Archive file: $name&quot;
                    def f
                    //we are only building .xml files but instead if we export from web, we are downloading .zip files. For some strange reason we importing a .zip via api it doesn&apos;t work correctly, so this is an on the fly extraction of the .xml file contained in the .zip.
                    if(!name.endsWith(&quot;zip&quot;)){
                         f = new File(name)
                    }else{
                         def zipFile =  new java.util.zip.ZipFile(new File(name))
                         def zipEntry = zipFile.entries().toList()[0]
                         def fileContent = zipFile.getInputStream(zipEntry).text
                          // Create temp file.
                         f = File.createTempFile(&quot;repository_dump&quot;, &quot;.xml&quot;);
                         f.deleteOnExit();
                        // Delete temp file when program exits.
                        BufferedWriter out = new BufferedWriter(new FileWriter(f));
                        out.write(fileContent);
                        out.close();
                    }

                    // The execution:
                    DefaultHttpClient httpclient = new DefaultHttpClient()
                    httpclient.getCredentialsProvider().setCredentials(
                         new AuthScope(AuthScope.ANY_HOST, AuthScope.ANY_PORT), 
                         new UsernamePasswordCredentials(&quot;admin&quot;, 
                              &quot;admin&quot;)
                         )

                    def post = new HttpPost(&quot;http://127.0.0.1:8080/jboss-brms/org.drools.guvnor.Guvnor/backup&quot;)
                    def entity = new MultipartEntity()
                    def fileBody = new FileBody(f)
                    entity.addPart(&quot;file&quot;, fileBody)
                    post.setEntity(entity)


                    def response = httpclient.execute(post)
                    def status = response.getStatusLine()
                    if( !(status ==~ /.*OK.*/) )
                    fail(&quot;Unable to deploy repository dump on Guvnor. Return status code: $status&quot; )
                    else
                    log.info(&quot;Deployment Successful: Result status code $status&quot;)</source>
  <trapAssertionErrors default-value="true"/>
</configuration>
[DEBUG] =======================================================================
[DEBUG] paolo.test:rules:jar:1.0.0
[DEBUG]    org.apache.httpcomponents:httpmime:jar:4.2.1:compile
[DEBUG]    org.apache.httpcomponents:httpcore:jar:4.2.1:compile
[DEBUG]    org.apache.httpcomponents:httpclient:jar:4.2.1:compile
[DEBUG]       commons-logging:commons-logging:jar:1.1.1:compile
[DEBUG]       commons-codec:commons-codec:jar:1.6:compile
[INFO] 
[INFO] --- maven-resources-plugin:2.5:resources (default-resources) @ rules ---
[DEBUG] Configuring mojo org.apache.maven.plugins:maven-resources-plugin:2.5:resources from plugin realm ClassRealm[plugin>org.apache.maven.plugins:maven-resources-plugin:2.5, parent: sun.misc.Launcher$AppClassLoader@1cc33893]
[debug] execute contextualize
[DEBUG] Configuring mojo 'org.apache.maven.plugins:maven-resources-plugin:2.5:resources' with basic configurator -->
[DEBUG]   (f) buildFilters = []
[DEBUG]   (f) escapeWindowsPaths = true
[DEBUG]   (s) includeEmptyDirs = false
[DEBUG]   (s) outputDirectory = /data/repositories/github/guvnor_automated_deployment_example/rules/target/classes
[DEBUG]   (s) overwrite = false
[DEBUG]   (f) project = MavenProject: paolo.test:rules:1.0.0 @ /data/repositories/github/guvnor_automated_deployment_example/rules/pom.xml
[DEBUG]   (s) resources = [Resource {targetPath: null, filtering: false, FileSet {directory: /data/repositories/github/guvnor_automated_deployment_example/rules/src/main/resources, PatternSet [includes: {}, excludes: {}]}}]
[DEBUG]   (f) session = org.apache.maven.execution.MavenSession@4f21c77b
[DEBUG]   (f) supportMultiLineFiltering = false
[DEBUG]   (f) useBuildFilters = true
[DEBUG]   (s) useDefaultDelimiters = true
[DEBUG] -- end configuration --
[DEBUG] properties used {java.vendor=Oracle Corporation, env.SESSION_MANAGER=local/unix:@/tmp/.ICE-unix/1463,unix/unix:/tmp/.ICE-unix/1463, env.LESSOPEN=||/usr/bin/lesspipe.sh %s, sun.java.launcher=SUN_STANDARD, env.QT_IM_MODULE=xim, sun.management.compiler=HotSpot 64-Bit Tiered Compilers, os.name=Linux, sun.boot.class.path=/usr/lib/jvm/java-1.7.0-openjdk-1.7.0.9.x86_64/jre/lib/resources.jar:/usr/lib/jvm/java-1.7.0-openjdk-1.7.0.9.x86_64/jre/lib/rt.jar:/usr/lib/jvm/java-1.7.0-openjdk-1.7.0.9.x86_64/jre/lib/sunrsasign.jar:/usr/lib/jvm/java-1.7.0-openjdk-1.7.0.9.x86_64/jre/lib/jsse.jar:/usr/lib/jvm/java-1.7.0-openjdk-1.7.0.9.x86_64/jre/lib/jce.jar:/usr/lib/jvm/java-1.7.0-openjdk-1.7.0.9.x86_64/jre/lib/charsets.jar:/usr/lib/jvm/java-1.7.0-openjdk-1.7.0.9.x86_64/jre/lib/netx.jar:/usr/lib/jvm/java-1.7.0-openjdk-1.7.0.9.x86_64/jre/lib/plugin.jar:/usr/lib/jvm/java-1.7.0-openjdk-1.7.0.9.x86_64/jre/lib/rhino.jar:/usr/lib/jvm/java-1.7.0-openjdk-1.7.0.9.x86_64/jre/lib/jfr.jar:/usr/lib/jvm/java-1.7.0-openjdk-1.7.0.9.x86_64/jre/classes, env.PWD=/data/repositories/github/guvnor_automated_deployment_example, brms.server.user=admin, env.FORGE_HOME=/data/software/ext/Tools/forge/forge, sun.desktop=gnome, env.LANG=en_GB.utf8, java.vm.specification.vendor=Oracle Corporation, java.runtime.version=1.7.0_09-icedtea-mockbuild_2012_10_17_15_53-b00, env.HISTSIZE=1000, env.XDG_VTNR=1, env.DISPLAY=:0, env.QT_GRAPHICSSYSTEM_CHECKED=1, env.GJS_DEBUG_TOPICS=JS ERROR;JS LOG, user.name=pantinor, maven.build.version=Apache Maven 3.0.4 (rNON-CANONICAL_2012-10-24_11-25_mockbuild; 2012-10-24 12:25:04+0100), env.USER=pantinor, env.HISTCONTROL=ignoredups, env.SHELL=/bin/bash, env.QTLIB=/usr/lib64/qt-3.3/lib, env.DESKTOP_SESSION=gnome, env.NLSPATH=/usr/dt/lib/nls/msg/%L/%N.cat, env.GJS_DEBUG_OUTPUT=stderr, env.PATH=/data/repositories/github/hURL:/data/repositories/github/ispncon/bin:/data/software/ext/sbt/bin:/data/repositories/github/hURL:/data/repositories/github/ispncon/bin:/data/software/ext/sbt/bin:/usr/lib64/qt-3.3/bin:/usr/local/bin:/usr/bin:/bin:/usr/local/sbin:/usr/sbin:/home/pantinor/.local/bin:/home/pantinor/bin:/data/software/ext/Tools/forge/forge/bin:/data/software/ext/mongodb_link/bin, user.language=en, env.LC_MONETARY=en_GB.utf8, env.IMSETTINGS_MODULE=none, sun.boot.library.path=/usr/lib/jvm/java-1.7.0-openjdk-1.7.0.9.x86_64/jre/lib/amd64, classworlds.conf=/usr/share/maven/bin/m2.conf, env.QT_PLUGIN_PATH=/usr/lib64/kde4/plugins:/usr/lib/kde4/plugins, java.version=1.7.0_09-icedtea, user.timezone=Europe/London, env.DBUS_SESSION_BUS_ADDRESS=unix:abstract=/tmp/dbus-qtDNYVUCGa,guid=8e7c6de32603d39610d6dd7900000036, sun.arch.data.model=64, java.endorsed.dirs=/usr/lib/jvm/java-1.7.0-openjdk-1.7.0.9.x86_64/jre/lib/endorsed, sun.cpu.isalist=, sun.jnu.encoding=UTF-8, file.encoding.pkg=sun.io, env.SHLVL=3, file.separator=/, env.HOSTNAME=pantinor.rh, java.specification.name=Java Platform API Specification, env.IMSETTINGS_INTEGRATE_DESKTOP=yes, env.QTDIR=/usr/lib64/qt-3.3, env.GNOME_DESKTOP_SESSION_ID=this-is-deprecated, java.class.version=51.0, env.GDMSESSION=gnome, user.country=GB, env.GNOME_KEYRING_PID=1459, java.home=/usr/lib/jvm/java-1.7.0-openjdk-1.7.0.9.x86_64/jre, java.vm.info=mixed mode, env.LOGNAME=pantinor, os.version=3.6.9-2.fc17.x86_64, brms.model.file=/data/repositories/github/guvnor_automated_deployment_example/rules/../model/target/model-1.0.0.jar, path.separator=:, java.vm.version=23.2-b09, brms.server.password=admin, env.QTINC=/usr/lib64/qt-3.3/include, env.JAVA_HOME=/usr/lib/jvm/java, java.awt.printerjob=sun.print.PSPrinterJob, env.TERM=xterm, env.WINDOWPATH=1, sun.io.unicode.encoding=UnicodeLittle, awt.toolkit=sun.awt.X11.XToolkit, env.XMODIFIERS=@im=none, env.GDM_LANG=en_GB.utf8, env.LC_MEASUREMENT=en_GB.utf8, user.home=/home/pantinor, env.ISPNCON_HOME=/data/repositories/github/ispncon, env.TERMINATOR_UUID=urn:uuid:56265b4e-b587-4dea-90be-5c31dfa8414b, java.specification.vendor=Oracle Corporation, env.M2_HOME=/usr/share/maven, env.WINDOWID=60817412, java.library.path=/usr/java/packages/lib/amd64:/usr/lib64:/lib64:/lib:/usr/lib, java.vendor.url=http://java.oracle.com/, env.GIO_LAUNCHED_DESKTOP_FILE=/usr/share/applications/terminator.desktop, env.XDG_SEAT=seat0, java.vm.vendor=Oracle Corporation, maven.home=/usr/share/maven, java.runtime.name=OpenJDK Runtime Environment, sun.java.command=org.codehaus.plexus.classworlds.launcher.Launcher install -Pdeploy_brms -X, java.class.path=/usr/share/maven/boot/plexus-classworlds.jar, brms.server.url=http://127.0.0.1:8080/jboss-brms/, env.XDG_SESSION_ID=2, maven.version=3.0.4, env.XFILESEARCHPATH=/usr/dt/app-defaults/%L/Dt, java.vm.specification.name=Java Virtual Machine Specification, java.vm.specification.version=1.7, sun.cpu.endian=little, sun.os.patch.level=unknown, env.HOME=/home/pantinor, java.io.tmpdir=/tmp, env.LS_COLORS=rs=0:di=01;34:ln=01;36:mh=00:pi=40;33:so=01;35:do=01;35:bd=40;33;01:cd=40;33;01:or=40;31;01:mi=01;05;37;41:su=37;41:sg=30;43:ca=30;41:tw=30;42:ow=34;42:st=37;44:ex=01;32:*.tar=01;31:*.tgz=01;31:*.arj=01;31:*.taz=01;31:*.lzh=01;31:*.lzma=01;31:*.tlz=01;31:*.txz=01;31:*.zip=01;31:*.z=01;31:*.Z=01;31:*.dz=01;31:*.gz=01;31:*.lz=01;31:*.xz=01;31:*.bz2=01;31:*.tbz=01;31:*.tbz2=01;31:*.bz=01;31:*.tz=01;31:*.deb=01;31:*.rpm=01;31:*.jar=01;31:*.war=01;31:*.ear=01;31:*.sar=01;31:*.rar=01;31:*.ace=01;31:*.zoo=01;31:*.cpio=01;31:*.7z=01;31:*.rz=01;31:*.jpg=01;35:*.jpeg=01;35:*.gif=01;35:*.bmp=01;35:*.pbm=01;35:*.pgm=01;35:*.ppm=01;35:*.tga=01;35:*.xbm=01;35:*.xpm=01;35:*.tif=01;35:*.tiff=01;35:*.png=01;35:*.svg=01;35:*.svgz=01;35:*.mng=01;35:*.pcx=01;35:*.mov=01;35:*.mpg=01;35:*.mpeg=01;35:*.m2v=01;35:*.mkv=01;35:*.ogm=01;35:*.mp4=01;35:*.m4v=01;35:*.mp4v=01;35:*.vob=01;35:*.qt=01;35:*.nuv=01;35:*.wmv=01;35:*.asf=01;35:*.rm=01;35:*.rmvb=01;35:*.flc=01;35:*.avi=01;35:*.fli=01;35:*.flv=01;35:*.gl=01;35:*.dl=01;35:*.xcf=01;35:*.xwd=01;35:*.yuv=01;35:*.cgm=01;35:*.emf=01;35:*.axv=01;35:*.anx=01;35:*.ogv=01;35:*.ogx=01;35:*.aac=01;36:*.au=01;36:*.flac=01;36:*.mid=01;36:*.midi=01;36:*.mka=01;36:*.mp3=01;36:*.mpc=01;36:*.ogg=01;36:*.ra=01;36:*.wav=01;36:*.axa=01;36:*.oga=01;36:*.spx=01;36:*.xspf=01;36:*.pdf=00;33:*.ps=00;33:*.ps.gz=00;33:*.txt=00;33:*.patch=00;33:*.diff=00;33:*.log=00;33:*.tex=00;33:*.xls=00;33:*.xlsx=00;33:*.ppt=00;33:*.pptx=00;33:*.rtf=00;33:*.doc=00;33:*.docx=00;33:*.odt=00;33:*.ods=00;33:*.odp=00;33:*.xml=00;33:*.epub=00;33:*.abw=00;33:*.htm=00;33:*.html=00;33:*.shtml=00;33:*.wpd=00;33:, java.vendor.url.bug=http://bugreport.sun.com/bugreport/, env.SSH_AUTH_SOCK=/run/user/pantinor/keyring-tM9Ozf/ssh, brms.changeset.file=target/kagent-changeset.xml, env.KDEDIRS=/usr, os.arch=amd64, java.awt.graphicsenv=sun.awt.X11GraphicsEnvironment, java.ext.dirs=/usr/lib/jvm/java-1.7.0-openjdk-1.7.0.9.x86_64/jre/lib/ext:/usr/java/packages/lib/ext, env.XDG_RUNTIME_DIR=/run/user/pantinor, user.dir=/data/repositories/github/guvnor_automated_deployment_example, env.XAUTHORITY=/var/run/gdm/auth-for-pantinor-5vgh8s/database, line.separator=
, env.LC_NUMERIC=en_GB.utf8, java.vm.name=OpenJDK 64-Bit Server VM, env.COLORTERM=gnome-terminal, env.LC_TIME=en_GB.utf8, env.USERNAME=pantinor, file.encoding=UTF-8, env.MAIL=/var/spool/mail/pantinor, brms.repository_dump.file=repository_export.xml, env.GPG_AGENT_INFO=/run/user/pantinor/keyring-tM9Ozf/gpg:0:1, env.GIO_LAUNCHED_DESKTOP_FILE_PID=2480, java.specification.version=1.7, env.KDE_IS_PRELINKED=1, env.GNOME_KEYRING_CONTROL=/run/user/pantinor/keyring-tM9Ozf}
[WARNING] Using platform encoding (UTF-8 actually) to copy filtered resources, i.e. build is platform dependent!
[DEBUG] resource with targetPath null
directory /data/repositories/github/guvnor_automated_deployment_example/rules/src/main/resources
excludes []
includes []
[INFO] skip non existing resourceDirectory /data/repositories/github/guvnor_automated_deployment_example/rules/src/main/resources
[DEBUG] no use filter components
[INFO] 
[INFO] --- maven-compiler-plugin:2.3.2:compile (default-compile) @ rules ---
[DEBUG] Configuring mojo org.apache.maven.plugins:maven-compiler-plugin:2.3.2:compile from plugin realm ClassRealm[plugin>org.apache.maven.plugins:maven-compiler-plugin:2.3.2, parent: sun.misc.Launcher$AppClassLoader@1cc33893]
[DEBUG] Configuring mojo 'org.apache.maven.plugins:maven-compiler-plugin:2.3.2:compile' with basic configurator -->
[DEBUG]   (f) basedir = /data/repositories/github/guvnor_automated_deployment_example/rules
[DEBUG]   (f) buildDirectory = /data/repositories/github/guvnor_automated_deployment_example/rules/target
[DEBUG]   (f) classpathElements = [/data/repositories/github/guvnor_automated_deployment_example/rules/target/classes, /home/pantinor/.m2/repository/org/apache/httpcomponents/httpmime/4.2.1/httpmime-4.2.1.jar, /home/pantinor/.m2/repository/org/apache/httpcomponents/httpcore/4.2.1/httpcore-4.2.1.jar, /home/pantinor/.m2/repository/org/apache/httpcomponents/httpclient/4.2.1/httpclient-4.2.1.jar, /home/pantinor/.m2/repository/commons-logging/commons-logging/1.1.1/commons-logging-1.1.1.jar, /home/pantinor/.m2/repository/commons-codec/commons-codec/1.6/commons-codec-1.6.jar]
[DEBUG]   (f) compileSourceRoots = [/data/repositories/github/guvnor_automated_deployment_example/rules/src/main/java]
[DEBUG]   (f) compilerId = javac
[DEBUG]   (f) debug = true
[DEBUG]   (f) failOnError = true
[DEBUG]   (f) fork = false
[DEBUG]   (f) generatedSourcesDirectory = /data/repositories/github/guvnor_automated_deployment_example/rules/target/generated-sources/annotations
[DEBUG]   (f) optimize = false
[DEBUG]   (f) outputDirectory = /data/repositories/github/guvnor_automated_deployment_example/rules/target/classes
[DEBUG]   (f) outputFileName = rules-1.0.0
[DEBUG]   (f) projectArtifact = paolo.test:rules:jar:1.0.0
[DEBUG]   (f) session = org.apache.maven.execution.MavenSession@4f21c77b
[DEBUG]   (f) showDeprecation = false
[DEBUG]   (f) showWarnings = false
[DEBUG]   (f) source = 1.5
[DEBUG]   (f) staleMillis = 0
[DEBUG]   (f) target = 1.5
[DEBUG]   (f) verbose = false
[DEBUG] -- end configuration --
[DEBUG] Using compiler 'javac'.
[INFO] No sources to compile
[INFO] 
[INFO] --- maven-resources-plugin:2.5:testResources (default-testResources) @ rules ---
[DEBUG] Configuring mojo org.apache.maven.plugins:maven-resources-plugin:2.5:testResources from plugin realm ClassRealm[plugin>org.apache.maven.plugins:maven-resources-plugin:2.5, parent: sun.misc.Launcher$AppClassLoader@1cc33893]
[debug] execute contextualize
[DEBUG] Configuring mojo 'org.apache.maven.plugins:maven-resources-plugin:2.5:testResources' with basic configurator -->
[DEBUG]   (f) buildFilters = []
[DEBUG]   (f) escapeWindowsPaths = true
[DEBUG]   (s) includeEmptyDirs = false
[DEBUG]   (s) outputDirectory = /data/repositories/github/guvnor_automated_deployment_example/rules/target/test-classes
[DEBUG]   (s) overwrite = false
[DEBUG]   (f) project = MavenProject: paolo.test:rules:1.0.0 @ /data/repositories/github/guvnor_automated_deployment_example/rules/pom.xml
[DEBUG]   (s) resources = [Resource {targetPath: null, filtering: false, FileSet {directory: /data/repositories/github/guvnor_automated_deployment_example/rules/src/test/resources, PatternSet [includes: {}, excludes: {}]}}]
[DEBUG]   (f) session = org.apache.maven.execution.MavenSession@4f21c77b
[DEBUG]   (f) supportMultiLineFiltering = false
[DEBUG]   (f) useBuildFilters = true
[DEBUG]   (s) useDefaultDelimiters = true
[DEBUG] -- end configuration --
[DEBUG] properties used {java.vendor=Oracle Corporation, env.SESSION_MANAGER=local/unix:@/tmp/.ICE-unix/1463,unix/unix:/tmp/.ICE-unix/1463, env.LESSOPEN=||/usr/bin/lesspipe.sh %s, sun.java.launcher=SUN_STANDARD, env.QT_IM_MODULE=xim, sun.management.compiler=HotSpot 64-Bit Tiered Compilers, os.name=Linux, sun.boot.class.path=/usr/lib/jvm/java-1.7.0-openjdk-1.7.0.9.x86_64/jre/lib/resources.jar:/usr/lib/jvm/java-1.7.0-openjdk-1.7.0.9.x86_64/jre/lib/rt.jar:/usr/lib/jvm/java-1.7.0-openjdk-1.7.0.9.x86_64/jre/lib/sunrsasign.jar:/usr/lib/jvm/java-1.7.0-openjdk-1.7.0.9.x86_64/jre/lib/jsse.jar:/usr/lib/jvm/java-1.7.0-openjdk-1.7.0.9.x86_64/jre/lib/jce.jar:/usr/lib/jvm/java-1.7.0-openjdk-1.7.0.9.x86_64/jre/lib/charsets.jar:/usr/lib/jvm/java-1.7.0-openjdk-1.7.0.9.x86_64/jre/lib/netx.jar:/usr/lib/jvm/java-1.7.0-openjdk-1.7.0.9.x86_64/jre/lib/plugin.jar:/usr/lib/jvm/java-1.7.0-openjdk-1.7.0.9.x86_64/jre/lib/rhino.jar:/usr/lib/jvm/java-1.7.0-openjdk-1.7.0.9.x86_64/jre/lib/jfr.jar:/usr/lib/jvm/java-1.7.0-openjdk-1.7.0.9.x86_64/jre/classes, env.PWD=/data/repositories/github/guvnor_automated_deployment_example, brms.server.user=admin, env.FORGE_HOME=/data/software/ext/Tools/forge/forge, sun.desktop=gnome, env.LANG=en_GB.utf8, java.vm.specification.vendor=Oracle Corporation, java.runtime.version=1.7.0_09-icedtea-mockbuild_2012_10_17_15_53-b00, env.HISTSIZE=1000, env.XDG_VTNR=1, env.DISPLAY=:0, env.QT_GRAPHICSSYSTEM_CHECKED=1, env.GJS_DEBUG_TOPICS=JS ERROR;JS LOG, user.name=pantinor, maven.build.version=Apache Maven 3.0.4 (rNON-CANONICAL_2012-10-24_11-25_mockbuild; 2012-10-24 12:25:04+0100), env.USER=pantinor, env.HISTCONTROL=ignoredups, env.SHELL=/bin/bash, env.QTLIB=/usr/lib64/qt-3.3/lib, env.DESKTOP_SESSION=gnome, env.NLSPATH=/usr/dt/lib/nls/msg/%L/%N.cat, env.GJS_DEBUG_OUTPUT=stderr, env.PATH=/data/repositories/github/hURL:/data/repositories/github/ispncon/bin:/data/software/ext/sbt/bin:/data/repositories/github/hURL:/data/repositories/github/ispncon/bin:/data/software/ext/sbt/bin:/usr/lib64/qt-3.3/bin:/usr/local/bin:/usr/bin:/bin:/usr/local/sbin:/usr/sbin:/home/pantinor/.local/bin:/home/pantinor/bin:/data/software/ext/Tools/forge/forge/bin:/data/software/ext/mongodb_link/bin, user.language=en, env.LC_MONETARY=en_GB.utf8, env.IMSETTINGS_MODULE=none, sun.boot.library.path=/usr/lib/jvm/java-1.7.0-openjdk-1.7.0.9.x86_64/jre/lib/amd64, classworlds.conf=/usr/share/maven/bin/m2.conf, env.QT_PLUGIN_PATH=/usr/lib64/kde4/plugins:/usr/lib/kde4/plugins, java.version=1.7.0_09-icedtea, user.timezone=Europe/London, env.DBUS_SESSION_BUS_ADDRESS=unix:abstract=/tmp/dbus-qtDNYVUCGa,guid=8e7c6de32603d39610d6dd7900000036, sun.arch.data.model=64, java.endorsed.dirs=/usr/lib/jvm/java-1.7.0-openjdk-1.7.0.9.x86_64/jre/lib/endorsed, sun.cpu.isalist=, sun.jnu.encoding=UTF-8, file.encoding.pkg=sun.io, env.SHLVL=3, file.separator=/, env.HOSTNAME=pantinor.rh, java.specification.name=Java Platform API Specification, env.IMSETTINGS_INTEGRATE_DESKTOP=yes, env.QTDIR=/usr/lib64/qt-3.3, env.GNOME_DESKTOP_SESSION_ID=this-is-deprecated, java.class.version=51.0, env.GDMSESSION=gnome, user.country=GB, env.GNOME_KEYRING_PID=1459, java.home=/usr/lib/jvm/java-1.7.0-openjdk-1.7.0.9.x86_64/jre, java.vm.info=mixed mode, env.LOGNAME=pantinor, os.version=3.6.9-2.fc17.x86_64, brms.model.file=/data/repositories/github/guvnor_automated_deployment_example/rules/../model/target/model-1.0.0.jar, path.separator=:, java.vm.version=23.2-b09, brms.server.password=admin, env.QTINC=/usr/lib64/qt-3.3/include, env.JAVA_HOME=/usr/lib/jvm/java, java.awt.printerjob=sun.print.PSPrinterJob, env.TERM=xterm, env.WINDOWPATH=1, sun.io.unicode.encoding=UnicodeLittle, awt.toolkit=sun.awt.X11.XToolkit, env.XMODIFIERS=@im=none, env.GDM_LANG=en_GB.utf8, env.LC_MEASUREMENT=en_GB.utf8, user.home=/home/pantinor, env.ISPNCON_HOME=/data/repositories/github/ispncon, env.TERMINATOR_UUID=urn:uuid:56265b4e-b587-4dea-90be-5c31dfa8414b, java.specification.vendor=Oracle Corporation, env.M2_HOME=/usr/share/maven, env.WINDOWID=60817412, java.library.path=/usr/java/packages/lib/amd64:/usr/lib64:/lib64:/lib:/usr/lib, java.vendor.url=http://java.oracle.com/, env.GIO_LAUNCHED_DESKTOP_FILE=/usr/share/applications/terminator.desktop, env.XDG_SEAT=seat0, java.vm.vendor=Oracle Corporation, maven.home=/usr/share/maven, java.runtime.name=OpenJDK Runtime Environment, sun.java.command=org.codehaus.plexus.classworlds.launcher.Launcher install -Pdeploy_brms -X, java.class.path=/usr/share/maven/boot/plexus-classworlds.jar, brms.server.url=http://127.0.0.1:8080/jboss-brms/, env.XDG_SESSION_ID=2, maven.version=3.0.4, env.XFILESEARCHPATH=/usr/dt/app-defaults/%L/Dt, java.vm.specification.name=Java Virtual Machine Specification, java.vm.specification.version=1.7, sun.cpu.endian=little, sun.os.patch.level=unknown, env.HOME=/home/pantinor, java.io.tmpdir=/tmp, env.LS_COLORS=rs=0:di=01;34:ln=01;36:mh=00:pi=40;33:so=01;35:do=01;35:bd=40;33;01:cd=40;33;01:or=40;31;01:mi=01;05;37;41:su=37;41:sg=30;43:ca=30;41:tw=30;42:ow=34;42:st=37;44:ex=01;32:*.tar=01;31:*.tgz=01;31:*.arj=01;31:*.taz=01;31:*.lzh=01;31:*.lzma=01;31:*.tlz=01;31:*.txz=01;31:*.zip=01;31:*.z=01;31:*.Z=01;31:*.dz=01;31:*.gz=01;31:*.lz=01;31:*.xz=01;31:*.bz2=01;31:*.tbz=01;31:*.tbz2=01;31:*.bz=01;31:*.tz=01;31:*.deb=01;31:*.rpm=01;31:*.jar=01;31:*.war=01;31:*.ear=01;31:*.sar=01;31:*.rar=01;31:*.ace=01;31:*.zoo=01;31:*.cpio=01;31:*.7z=01;31:*.rz=01;31:*.jpg=01;35:*.jpeg=01;35:*.gif=01;35:*.bmp=01;35:*.pbm=01;35:*.pgm=01;35:*.ppm=01;35:*.tga=01;35:*.xbm=01;35:*.xpm=01;35:*.tif=01;35:*.tiff=01;35:*.png=01;35:*.svg=01;35:*.svgz=01;35:*.mng=01;35:*.pcx=01;35:*.mov=01;35:*.mpg=01;35:*.mpeg=01;35:*.m2v=01;35:*.mkv=01;35:*.ogm=01;35:*.mp4=01;35:*.m4v=01;35:*.mp4v=01;35:*.vob=01;35:*.qt=01;35:*.nuv=01;35:*.wmv=01;35:*.asf=01;35:*.rm=01;35:*.rmvb=01;35:*.flc=01;35:*.avi=01;35:*.fli=01;35:*.flv=01;35:*.gl=01;35:*.dl=01;35:*.xcf=01;35:*.xwd=01;35:*.yuv=01;35:*.cgm=01;35:*.emf=01;35:*.axv=01;35:*.anx=01;35:*.ogv=01;35:*.ogx=01;35:*.aac=01;36:*.au=01;36:*.flac=01;36:*.mid=01;36:*.midi=01;36:*.mka=01;36:*.mp3=01;36:*.mpc=01;36:*.ogg=01;36:*.ra=01;36:*.wav=01;36:*.axa=01;36:*.oga=01;36:*.spx=01;36:*.xspf=01;36:*.pdf=00;33:*.ps=00;33:*.ps.gz=00;33:*.txt=00;33:*.patch=00;33:*.diff=00;33:*.log=00;33:*.tex=00;33:*.xls=00;33:*.xlsx=00;33:*.ppt=00;33:*.pptx=00;33:*.rtf=00;33:*.doc=00;33:*.docx=00;33:*.odt=00;33:*.ods=00;33:*.odp=00;33:*.xml=00;33:*.epub=00;33:*.abw=00;33:*.htm=00;33:*.html=00;33:*.shtml=00;33:*.wpd=00;33:, java.vendor.url.bug=http://bugreport.sun.com/bugreport/, env.SSH_AUTH_SOCK=/run/user/pantinor/keyring-tM9Ozf/ssh, brms.changeset.file=target/kagent-changeset.xml, env.KDEDIRS=/usr, os.arch=amd64, java.awt.graphicsenv=sun.awt.X11GraphicsEnvironment, java.ext.dirs=/usr/lib/jvm/java-1.7.0-openjdk-1.7.0.9.x86_64/jre/lib/ext:/usr/java/packages/lib/ext, env.XDG_RUNTIME_DIR=/run/user/pantinor, user.dir=/data/repositories/github/guvnor_automated_deployment_example, env.XAUTHORITY=/var/run/gdm/auth-for-pantinor-5vgh8s/database, line.separator=
, env.LC_NUMERIC=en_GB.utf8, java.vm.name=OpenJDK 64-Bit Server VM, env.COLORTERM=gnome-terminal, env.LC_TIME=en_GB.utf8, env.USERNAME=pantinor, file.encoding=UTF-8, env.MAIL=/var/spool/mail/pantinor, brms.repository_dump.file=repository_export.xml, env.GPG_AGENT_INFO=/run/user/pantinor/keyring-tM9Ozf/gpg:0:1, env.GIO_LAUNCHED_DESKTOP_FILE_PID=2480, java.specification.version=1.7, env.KDE_IS_PRELINKED=1, env.GNOME_KEYRING_CONTROL=/run/user/pantinor/keyring-tM9Ozf}
[WARNING] Using platform encoding (UTF-8 actually) to copy filtered resources, i.e. build is platform dependent!
[DEBUG] resource with targetPath null
directory /data/repositories/github/guvnor_automated_deployment_example/rules/src/test/resources
excludes []
includes []
[INFO] skip non existing resourceDirectory /data/repositories/github/guvnor_automated_deployment_example/rules/src/test/resources
[DEBUG] no use filter components
[INFO] 
[INFO] --- maven-compiler-plugin:2.3.2:testCompile (default-testCompile) @ rules ---
[DEBUG] Configuring mojo org.apache.maven.plugins:maven-compiler-plugin:2.3.2:testCompile from plugin realm ClassRealm[plugin>org.apache.maven.plugins:maven-compiler-plugin:2.3.2, parent: sun.misc.Launcher$AppClassLoader@1cc33893]
[DEBUG] Configuring mojo 'org.apache.maven.plugins:maven-compiler-plugin:2.3.2:testCompile' with basic configurator -->
[DEBUG]   (f) basedir = /data/repositories/github/guvnor_automated_deployment_example/rules
[DEBUG]   (f) buildDirectory = /data/repositories/github/guvnor_automated_deployment_example/rules/target
[DEBUG]   (f) classpathElements = [/data/repositories/github/guvnor_automated_deployment_example/rules/target/test-classes, /data/repositories/github/guvnor_automated_deployment_example/rules/target/classes, /home/pantinor/.m2/repository/org/apache/httpcomponents/httpmime/4.2.1/httpmime-4.2.1.jar, /home/pantinor/.m2/repository/org/apache/httpcomponents/httpcore/4.2.1/httpcore-4.2.1.jar, /home/pantinor/.m2/repository/org/apache/httpcomponents/httpclient/4.2.1/httpclient-4.2.1.jar, /home/pantinor/.m2/repository/commons-logging/commons-logging/1.1.1/commons-logging-1.1.1.jar, /home/pantinor/.m2/repository/commons-codec/commons-codec/1.6/commons-codec-1.6.jar]
[DEBUG]   (f) compileSourceRoots = [/data/repositories/github/guvnor_automated_deployment_example/rules/src/test/java]
[DEBUG]   (f) compilerId = javac
[DEBUG]   (f) debug = true
[DEBUG]   (f) failOnError = true
[DEBUG]   (f) fork = false
[DEBUG]   (f) generatedTestSourcesDirectory = /data/repositories/github/guvnor_automated_deployment_example/rules/target/generated-sources/test-annotations
[DEBUG]   (f) optimize = false
[DEBUG]   (f) outputDirectory = /data/repositories/github/guvnor_automated_deployment_example/rules/target/test-classes
[DEBUG]   (f) outputFileName = rules-1.0.0
[DEBUG]   (f) session = org.apache.maven.execution.MavenSession@4f21c77b
[DEBUG]   (f) showDeprecation = false
[DEBUG]   (f) showWarnings = false
[DEBUG]   (f) source = 1.5
[DEBUG]   (f) staleMillis = 0
[DEBUG]   (f) target = 1.5
[DEBUG]   (f) verbose = false
[DEBUG] -- end configuration --
[DEBUG] Using compiler 'javac'.
[INFO] No sources to compile
[INFO] 
[INFO] --- maven-surefire-plugin:2.10:test (default-test) @ rules ---
[DEBUG] Configuring mojo org.apache.maven.plugins:maven-surefire-plugin:2.10:test from plugin realm ClassRealm[plugin>org.apache.maven.plugins:maven-surefire-plugin:2.10, parent: sun.misc.Launcher$AppClassLoader@1cc33893]
[DEBUG] Configuring mojo 'org.apache.maven.plugins:maven-surefire-plugin:2.10:test' with basic configurator -->
[DEBUG]   (s) basedir = /data/repositories/github/guvnor_automated_deployment_example/rules
[DEBUG]   (s) childDelegation = false
[DEBUG]   (s) classesDirectory = /data/repositories/github/guvnor_automated_deployment_example/rules/target/classes
[DEBUG]   (s) disableXmlReport = false
[DEBUG]   (s) enableAssertions = true
[DEBUG]   (s) forkMode = once
[DEBUG]   (s) junitArtifactName = junit:junit
[DEBUG]   (s) localRepository =        id: local
      url: file:///home/pantinor/.m2/repository/
   layout: none

[DEBUG]   (f) parallelMavenExecution = false
[DEBUG]   (s) perCoreThreadCount = true
[DEBUG]   (s) pluginArtifactMap = {org.apache.maven.plugins:maven-surefire-plugin=org.apache.maven.plugins:maven-surefire-plugin:maven-plugin:2.10:, org.apache.maven.surefire:surefire-booter=org.apache.maven.surefire:surefire-booter:jar:2.10:compile, org.apache.maven.surefire:surefire-api=org.apache.maven.surefire:surefire-api:jar:2.10:compile, org.apache.maven.surefire:maven-surefire-common=org.apache.maven.surefire:maven-surefire-common:jar:2.10:compile, org.apache.maven.shared:maven-common-artifact-filters=org.apache.maven.shared:maven-common-artifact-filters:jar:1.3:compile, org.codehaus.plexus:plexus-utils=org.codehaus.plexus:plexus-utils:jar:2.1:compile, org.apache.maven.reporting:maven-reporting-api=org.apache.maven.reporting:maven-reporting-api:jar:2.0.9:compile}
[DEBUG]   (s) printSummary = true
[DEBUG]   (s) project = MavenProject: paolo.test:rules:1.0.0 @ /data/repositories/github/guvnor_automated_deployment_example/rules/pom.xml
[DEBUG]   (s) projectArtifactMap = {org.apache.httpcomponents:httpmime=org.apache.httpcomponents:httpmime:jar:4.2.1:compile, org.apache.httpcomponents:httpcore=org.apache.httpcomponents:httpcore:jar:4.2.1:compile, org.apache.httpcomponents:httpclient=org.apache.httpcomponents:httpclient:jar:4.2.1:compile, commons-logging:commons-logging=commons-logging:commons-logging:jar:1.1.1:compile, commons-codec:commons-codec=commons-codec:commons-codec:jar:1.6:compile}
[DEBUG]   (s) redirectTestOutputToFile = false
[DEBUG]   (s) remoteRepositories = [       id: central
      url: http://repository/nexus/content/groups/public
   layout: default
snapshots: [enabled => true, update => daily]
 releases: [enabled => true, update => daily]
]
[DEBUG]   (s) reportFormat = brief
[DEBUG]   (s) reportsDirectory = /data/repositories/github/guvnor_automated_deployment_example/rules/target/surefire-reports
[DEBUG]   (s) runOrder = filesystem
[DEBUG]   (s) session = org.apache.maven.execution.MavenSession@4f21c77b
[DEBUG]   (s) skip = false
[DEBUG]   (s) skipTests = false
[DEBUG]   (s) testClassesDirectory = /data/repositories/github/guvnor_automated_deployment_example/rules/target/test-classes
[DEBUG]   (s) testFailureIgnore = false
[DEBUG]   (s) testNGArtifactName = org.testng:testng
[DEBUG]   (s) testSourceDirectory = /data/repositories/github/guvnor_automated_deployment_example/rules/src/test/java
[DEBUG]   (s) trimStackTrace = true
[DEBUG]   (s) useFile = true
[DEBUG]   (s) useManifestOnlyJar = true
[DEBUG]   (s) useSystemClassLoader = true
[DEBUG]   (s) useUnlimitedThreads = false
[DEBUG]   (s) workingDirectory = /data/repositories/github/guvnor_automated_deployment_example/rules
[DEBUG] -- end configuration --
[INFO] No tests to run.
[INFO] Surefire report directory: /data/repositories/github/guvnor_automated_deployment_example/rules/target/surefire-reports
[DEBUG] dummy:dummy:jar:1.0 (selected for null)
[DEBUG]   org.apache.maven.surefire:surefire-booter:jar:2.10:compile (selected for compile)
[DEBUG]     org.apache.maven.surefire:surefire-api:jar:2.10:compile (selected for compile)
[DEBUG] Adding to surefire booter test classpath: /home/pantinor/.m2/repository/org/apache/maven/surefire/surefire-booter/2.10/surefire-booter-2.10.jar Scope: compile
[DEBUG] Adding to surefire booter test classpath: /home/pantinor/.m2/repository/org/apache/maven/surefire/surefire-api/2.10/surefire-api-2.10.jar Scope: compile
[DEBUG] Setting system property [user.dir]=[/data/repositories/github/guvnor_automated_deployment_example/rules]
[DEBUG] Setting system property [localRepository]=[/home/pantinor/.m2/repository]
[DEBUG] Setting system property [basedir]=[/data/repositories/github/guvnor_automated_deployment_example/rules]
[DEBUG] Using JVM: /usr/lib/jvm/java-1.7.0-openjdk-1.7.0.9.x86_64/jre/bin/java
[DEBUG] dummy:dummy:jar:1.0 (selected for null)
[DEBUG]   org.apache.maven.surefire:surefire-junit3:jar:2.10:test (selected for test)
[DEBUG]     org.apache.maven.surefire:surefire-api:jar:2.10:test (selected for test)
[DEBUG] Adding to surefire test classpath: /home/pantinor/.m2/repository/org/apache/maven/surefire/surefire-junit3/2.10/surefire-junit3-2.10.jar Scope: test
[DEBUG] Adding to surefire test classpath: /home/pantinor/.m2/repository/org/apache/maven/surefire/surefire-api/2.10/surefire-api-2.10.jar Scope: test
[DEBUG] test classpath classpath:
[DEBUG]   /data/repositories/github/guvnor_automated_deployment_example/rules/target/test-classes
[DEBUG]   /data/repositories/github/guvnor_automated_deployment_example/rules/target/classes
[DEBUG]   /home/pantinor/.m2/repository/org/apache/httpcomponents/httpmime/4.2.1/httpmime-4.2.1.jar
[DEBUG]   /home/pantinor/.m2/repository/org/apache/httpcomponents/httpcore/4.2.1/httpcore-4.2.1.jar
[DEBUG]   /home/pantinor/.m2/repository/org/apache/httpcomponents/httpclient/4.2.1/httpclient-4.2.1.jar
[DEBUG]   /home/pantinor/.m2/repository/commons-logging/commons-logging/1.1.1/commons-logging-1.1.1.jar
[DEBUG]   /home/pantinor/.m2/repository/commons-codec/commons-codec/1.6/commons-codec-1.6.jar
[DEBUG] provider classpath classpath:
[DEBUG]   /home/pantinor/.m2/repository/org/apache/maven/surefire/surefire-junit3/2.10/surefire-junit3-2.10.jar
[DEBUG]   /home/pantinor/.m2/repository/org/apache/maven/surefire/surefire-api/2.10/surefire-api-2.10.jar

-------------------------------------------------------
 T E S T S
-------------------------------------------------------
Forking command line: /bin/sh -c cd /data/repositories/github/guvnor_automated_deployment_example/rules && /usr/lib/jvm/java-1.7.0-openjdk-1.7.0.9.x86_64/jre/bin/java -jar /data/repositories/github/guvnor_automated_deployment_example/rules/target/surefire/surefirebooter1969410780987157504.jar /data/repositories/github/guvnor_automated_deployment_example/rules/target/surefire/surefire5181579953164213435tmp /data/repositories/github/guvnor_automated_deployment_example/rules/target/surefire/surefire4240280547461322857tmp

Results :

Tests run: 0, Failures: 0, Errors: 0, Skipped: 0

[INFO] 
[INFO] --- maven-jar-plugin:2.3.2:jar (default-jar) @ rules ---
[DEBUG] Configuring mojo org.apache.maven.plugins:maven-jar-plugin:2.3.2:jar from plugin realm ClassRealm[plugin>org.apache.maven.plugins:maven-jar-plugin:2.3.2, parent: sun.misc.Launcher$AppClassLoader@1cc33893]
[DEBUG] Configuring mojo 'org.apache.maven.plugins:maven-jar-plugin:2.3.2:jar' with basic configurator -->
[DEBUG]   (f) classesDirectory = /data/repositories/github/guvnor_automated_deployment_example/rules/target/classes
[DEBUG]   (f) defaultManifestFile = /data/repositories/github/guvnor_automated_deployment_example/rules/target/classes/META-INF/MANIFEST.MF
[DEBUG]   (f) finalName = rules-1.0.0
[DEBUG]   (f) forceCreation = false
[DEBUG]   (f) outputDirectory = /data/repositories/github/guvnor_automated_deployment_example/rules/target
[DEBUG]   (f) project = MavenProject: paolo.test:rules:1.0.0 @ /data/repositories/github/guvnor_automated_deployment_example/rules/pom.xml
[DEBUG]   (f) useDefaultManifestFile = false
[DEBUG] -- end configuration --
[WARNING] JAR will be empty - no content was marked for inclusion!
[DEBUG] isUp2date: false (Resource with newer modification date found.)
[INFO] Building jar: /data/repositories/github/guvnor_automated_deployment_example/rules/target/rules-1.0.0.jar
[DEBUG] adding directory META-INF/
[DEBUG] adding entry META-INF/MANIFEST.MF
[DEBUG] adding directory META-INF/maven/
[DEBUG] adding directory META-INF/maven/paolo.test/
[DEBUG] adding directory META-INF/maven/paolo.test/rules/
[DEBUG] adding entry META-INF/maven/paolo.test/rules/pom.xml
[DEBUG] adding entry META-INF/maven/paolo.test/rules/pom.properties
[INFO] 
[INFO] --- maven-install-plugin:2.3.1:install (default-install) @ rules ---
[DEBUG] Configuring mojo org.apache.maven.plugins:maven-install-plugin:2.3.1:install from plugin realm ClassRealm[plugin>org.apache.maven.plugins:maven-install-plugin:2.3.1, parent: sun.misc.Launcher$AppClassLoader@1cc33893]
[DEBUG] Configuring mojo 'org.apache.maven.plugins:maven-install-plugin:2.3.1:install' with basic configurator -->
[DEBUG]   (f) artifact = paolo.test:rules:jar:1.0.0
[DEBUG]   (f) attachedArtifacts = []
[DEBUG]   (f) createChecksum = false
[DEBUG]   (f) localRepository =        id: local
      url: file:///home/pantinor/.m2/repository/
   layout: none

[DEBUG]   (f) packaging = jar
[DEBUG]   (f) pomFile = /data/repositories/github/guvnor_automated_deployment_example/rules/pom.xml
[DEBUG]   (f) updateReleaseInfo = false
[DEBUG] -- end configuration --
[INFO] Installing /data/repositories/github/guvnor_automated_deployment_example/rules/target/rules-1.0.0.jar to /home/pantinor/.m2/repository/paolo/test/rules/1.0.0/rules-1.0.0.jar
[DEBUG] Writing resolution tracking file /home/pantinor/.m2/repository/paolo/test/rules/1.0.0/_maven.repositories
[INFO] Installing /data/repositories/github/guvnor_automated_deployment_example/rules/pom.xml to /home/pantinor/.m2/repository/paolo/test/rules/1.0.0/rules-1.0.0.pom
[DEBUG] Writing resolution tracking file /home/pantinor/.m2/repository/paolo/test/rules/1.0.0/_maven.repositories
[DEBUG] Installing paolo.test:rules/maven-metadata.xml to /home/pantinor/.m2/repository/paolo/test/rules/maven-metadata-local.xml
[INFO] 
[INFO] --- gmaven-plugin:1.0:execute (default) @ rules ---
[DEBUG] org.codehaus.groovy.maven:gmaven-plugin:jar:1.0:
[DEBUG]    org.codehaus.groovy.maven.runtime:gmaven-runtime-api:jar:1.0:compile
[DEBUG]       org.codehaus.groovy.maven.feature:gmaven-feature-api:jar:1.0:compile
[DEBUG]    org.codehaus.groovy.maven.runtime:gmaven-runtime-loader:jar:1.0:compile
[DEBUG]       org.codehaus.groovy.maven.feature:gmaven-feature-support:jar:1.0:compile
[DEBUG]       org.codehaus.plexus:plexus-classworlds:jar:1.2-alpha-13:compile
[DEBUG]          junit:junit:jar:3.8.2:compile (version managed from 3.8.1)
[DEBUG]    org.codehaus.groovy.maven.runtime:gmaven-runtime-support:jar:1.0:compile
[DEBUG]       org.codehaus.plexus:plexus-utils:jar:1.5.5:compile
[DEBUG]       com.thoughtworks.qdox:qdox:jar:1.8:compile
[DEBUG]    org.codehaus.groovy.maven:gmaven-common:jar:1.0:compile
[DEBUG]    org.apache.maven.shared:file-management:jar:1.2.1:compile
[DEBUG]       org.apache.maven:maven-plugin-api:jar:2.0.9:compile (version managed from 2.0.6)
[DEBUG]       org.apache.maven.shared:maven-shared-io:jar:1.1:compile
[DEBUG]          org.apache.maven:maven-artifact-manager:jar:2.0.2:compile
[DEBUG]             org.apache.maven:maven-repository-metadata:jar:2.0.2:compile
[DEBUG]          org.apache.maven.wagon:wagon-provider-api:jar:1.0-alpha-6:compile
[DEBUG]       org.codehaus.plexus:plexus-container-default:jar:1.0-alpha-9-stable-1:compile (version managed from 1.0-alpha-9)
[DEBUG]          classworlds:classworlds:jar:1.1-alpha-2:compile
[DEBUG]    org.apache.maven:maven-artifact:jar:2.0.9:compile
[DEBUG]    org.apache.maven:maven-plugin-descriptor:jar:2.0.9:compile
[DEBUG]    org.apache.maven.reporting:maven-reporting-impl:jar:2.0.4.1:compile
[DEBUG]       org.apache.maven:maven-project:jar:2.0.9:compile (version managed from 2.0.4)
[DEBUG]          org.apache.maven:maven-settings:jar:2.0.9:compile
[DEBUG]          org.apache.maven:maven-profile:jar:2.0.9:compile
[DEBUG]          org.apache.maven:maven-model:jar:2.0.9:compile
[DEBUG]          org.apache.maven:maven-plugin-registry:jar:2.0.9:compile
[DEBUG]       commons-validator:commons-validator:jar:1.2.0:compile
[DEBUG]          commons-beanutils:commons-beanutils:jar:1.7.0:compile
[DEBUG]          commons-digester:commons-digester:jar:1.6:compile
[DEBUG]          commons-logging:commons-logging:jar:1.0.4:compile
[DEBUG]          oro:oro:jar:2.0.8:compile
[DEBUG]          xml-apis:xml-apis:jar:1.0.b2:compile
[DEBUG]       org.apache.maven.doxia:doxia-core:jar:1.0-alpha-10:compile
[DEBUG]          org.apache.maven.doxia:doxia-sink-api:jar:1.0-alpha-10:compile
[DEBUG]       org.apache.maven.reporting:maven-reporting-api:jar:2.0.4:compile
[DEBUG]       org.apache.maven.doxia:doxia-site-renderer:jar:1.0-alpha-10:compile
[DEBUG]          org.codehaus.plexus:plexus-i18n:jar:1.0-beta-7:compile
[DEBUG]          org.codehaus.plexus:plexus-velocity:jar:1.1.7:compile
[DEBUG]          org.apache.velocity:velocity:jar:1.5:compile
[DEBUG]          org.apache.maven.doxia:doxia-decoration-model:jar:1.0-alpha-10:compile
[DEBUG]          commons-collections:commons-collections:jar:3.2:compile
[DEBUG]          org.apache.maven.doxia:doxia-module-apt:jar:1.0-alpha-10:compile
[DEBUG]          org.apache.maven.doxia:doxia-module-fml:jar:1.0-alpha-10:compile
[DEBUG]          org.apache.maven.doxia:doxia-module-xdoc:jar:1.0-alpha-10:compile
[DEBUG]          org.apache.maven.doxia:doxia-module-xhtml:jar:1.0-alpha-10:compile
[DEBUG]    commons-lang:commons-lang:jar:2.4:compile
[DEBUG]    org.slf4j:slf4j-api:jar:1.5.6:compile
[DEBUG]    org.codehaus.groovy.maven.support:slf4j-gossip:jar:1.0:runtime
[DEBUG]       jline:jline:jar:0.9.94:runtime
[DEBUG] Created new class realm plugin>org.codehaus.groovy.maven:gmaven-plugin:1.0
[DEBUG] Importing foreign packages into class realm plugin>org.codehaus.groovy.maven:gmaven-plugin:1.0
[DEBUG]   Imported:  < maven.api
[DEBUG] Populating class realm plugin>org.codehaus.groovy.maven:gmaven-plugin:1.0
[DEBUG]   Included: org.codehaus.groovy.maven:gmaven-plugin:jar:1.0
[DEBUG]   Included: org.codehaus.groovy.maven.runtime:gmaven-runtime-api:jar:1.0
[DEBUG]   Included: org.codehaus.groovy.maven.feature:gmaven-feature-api:jar:1.0
[DEBUG]   Included: org.codehaus.groovy.maven.runtime:gmaven-runtime-loader:jar:1.0
[DEBUG]   Included: org.codehaus.groovy.maven.feature:gmaven-feature-support:jar:1.0
[DEBUG]   Included: junit:junit:jar:3.8.2
[DEBUG]   Included: org.codehaus.groovy.maven.runtime:gmaven-runtime-support:jar:1.0
[DEBUG]   Included: org.codehaus.plexus:plexus-utils:jar:1.5.5
[DEBUG]   Included: com.thoughtworks.qdox:qdox:jar:1.8
[DEBUG]   Included: org.codehaus.groovy.maven:gmaven-common:jar:1.0
[DEBUG]   Included: org.apache.maven.shared:file-management:jar:1.2.1
[DEBUG]   Included: org.apache.maven.shared:maven-shared-io:jar:1.1
[DEBUG]   Included: org.apache.maven.reporting:maven-reporting-impl:jar:2.0.4.1
[DEBUG]   Included: commons-validator:commons-validator:jar:1.2.0
[DEBUG]   Included: commons-beanutils:commons-beanutils:jar:1.7.0
[DEBUG]   Included: commons-digester:commons-digester:jar:1.6
[DEBUG]   Included: commons-logging:commons-logging:jar:1.0.4
[DEBUG]   Included: oro:oro:jar:2.0.8
[DEBUG]   Included: xml-apis:xml-apis:jar:1.0.b2
[DEBUG]   Included: org.apache.maven.doxia:doxia-core:jar:1.0-alpha-10
[DEBUG]   Included: org.apache.maven.doxia:doxia-sink-api:jar:1.0-alpha-10
[DEBUG]   Included: org.apache.maven.reporting:maven-reporting-api:jar:2.0.4
[DEBUG]   Included: org.apache.maven.doxia:doxia-site-renderer:jar:1.0-alpha-10
[DEBUG]   Included: org.codehaus.plexus:plexus-i18n:jar:1.0-beta-7
[DEBUG]   Included: org.codehaus.plexus:plexus-velocity:jar:1.1.7
[DEBUG]   Included: org.apache.velocity:velocity:jar:1.5
[DEBUG]   Included: org.apache.maven.doxia:doxia-decoration-model:jar:1.0-alpha-10
[DEBUG]   Included: commons-collections:commons-collections:jar:3.2
[DEBUG]   Included: org.apache.maven.doxia:doxia-module-apt:jar:1.0-alpha-10
[DEBUG]   Included: org.apache.maven.doxia:doxia-module-fml:jar:1.0-alpha-10
[DEBUG]   Included: org.apache.maven.doxia:doxia-module-xdoc:jar:1.0-alpha-10
[DEBUG]   Included: org.apache.maven.doxia:doxia-module-xhtml:jar:1.0-alpha-10
[DEBUG]   Included: commons-lang:commons-lang:jar:2.4
[DEBUG]   Included: org.slf4j:slf4j-api:jar:1.5.6
[DEBUG]   Included: org.codehaus.groovy.maven.support:slf4j-gossip:jar:1.0
[DEBUG]   Included: jline:jline:jar:0.9.94
[DEBUG]   Excluded: org.codehaus.plexus:plexus-classworlds:jar:1.2-alpha-13
[DEBUG]   Excluded: org.apache.maven:maven-plugin-api:jar:2.0.9
[DEBUG]   Excluded: org.apache.maven:maven-artifact-manager:jar:2.0.2
[DEBUG]   Excluded: org.apache.maven:maven-repository-metadata:jar:2.0.2
[DEBUG]   Excluded: org.apache.maven.wagon:wagon-provider-api:jar:1.0-alpha-6
[DEBUG]   Excluded: org.codehaus.plexus:plexus-container-default:jar:1.0-alpha-9-stable-1
[DEBUG]   Excluded: classworlds:classworlds:jar:1.1-alpha-2
[DEBUG]   Excluded: org.apache.maven:maven-artifact:jar:2.0.9
[DEBUG]   Excluded: org.apache.maven:maven-plugin-descriptor:jar:2.0.9
[DEBUG]   Excluded: org.apache.maven:maven-project:jar:2.0.9
[DEBUG]   Excluded: org.apache.maven:maven-settings:jar:2.0.9
[DEBUG]   Excluded: org.apache.maven:maven-profile:jar:2.0.9
[DEBUG]   Excluded: org.apache.maven:maven-model:jar:2.0.9
[DEBUG]   Excluded: org.apache.maven:maven-plugin-registry:jar:2.0.9
[DEBUG] Configuring mojo org.codehaus.groovy.maven:gmaven-plugin:1.0:execute from plugin realm ClassRealm[plugin>org.codehaus.groovy.maven:gmaven-plugin:1.0, parent: sun.misc.Launcher$AppClassLoader@1cc33893]
[DEBUG] Configuring mojo 'org.codehaus.groovy.maven:gmaven-plugin:1.0:execute' with override configurator -->
[DEBUG]   (f) artifactRepository =        id: local
      url: file:///home/pantinor/.m2/repository/
   layout: none

[DEBUG]   (f) pluginArtifactMap = {org.codehaus.groovy.maven:gmaven-plugin=org.codehaus.groovy.maven:gmaven-plugin:maven-plugin:1.0:, org.codehaus.groovy.maven.runtime:gmaven-runtime-api=org.codehaus.groovy.maven.runtime:gmaven-runtime-api:jar:1.0:compile, org.codehaus.groovy.maven.feature:gmaven-feature-api=org.codehaus.groovy.maven.feature:gmaven-feature-api:jar:1.0:compile, org.codehaus.groovy.maven.runtime:gmaven-runtime-loader=org.codehaus.groovy.maven.runtime:gmaven-runtime-loader:jar:1.0:compile, org.codehaus.groovy.maven.feature:gmaven-feature-support=org.codehaus.groovy.maven.feature:gmaven-feature-support:jar:1.0:compile, junit:junit=junit:junit:jar:3.8.2:compile, org.codehaus.groovy.maven.runtime:gmaven-runtime-support=org.codehaus.groovy.maven.runtime:gmaven-runtime-support:jar:1.0:compile, org.codehaus.plexus:plexus-utils=org.codehaus.plexus:plexus-utils:jar:1.5.5:compile, com.thoughtworks.qdox:qdox=com.thoughtworks.qdox:qdox:jar:1.8:compile, org.codehaus.groovy.maven:gmaven-common=org.codehaus.groovy.maven:gmaven-common:jar:1.0:compile, org.apache.maven.shared:file-management=org.apache.maven.shared:file-management:jar:1.2.1:compile, org.apache.maven.shared:maven-shared-io=org.apache.maven.shared:maven-shared-io:jar:1.1:compile, org.apache.maven.reporting:maven-reporting-impl=org.apache.maven.reporting:maven-reporting-impl:jar:2.0.4.1:compile, commons-validator:commons-validator=commons-validator:commons-validator:jar:1.2.0:compile, commons-beanutils:commons-beanutils=commons-beanutils:commons-beanutils:jar:1.7.0:compile, commons-digester:commons-digester=commons-digester:commons-digester:jar:1.6:compile, commons-logging:commons-logging=commons-logging:commons-logging:jar:1.0.4:compile, oro:oro=oro:oro:jar:2.0.8:compile, xml-apis:xml-apis=xml-apis:xml-apis:jar:1.0.b2:compile, org.apache.maven.doxia:doxia-core=org.apache.maven.doxia:doxia-core:jar:1.0-alpha-10:compile, org.apache.maven.doxia:doxia-sink-api=org.apache.maven.doxia:doxia-sink-api:jar:1.0-alpha-10:compile, org.apache.maven.reporting:maven-reporting-api=org.apache.maven.reporting:maven-reporting-api:jar:2.0.4:compile, org.apache.maven.doxia:doxia-site-renderer=org.apache.maven.doxia:doxia-site-renderer:jar:1.0-alpha-10:compile, org.codehaus.plexus:plexus-i18n=org.codehaus.plexus:plexus-i18n:jar:1.0-beta-7:compile, org.codehaus.plexus:plexus-velocity=org.codehaus.plexus:plexus-velocity:jar:1.1.7:compile, org.apache.velocity:velocity=org.apache.velocity:velocity:jar:1.5:compile, org.apache.maven.doxia:doxia-decoration-model=org.apache.maven.doxia:doxia-decoration-model:jar:1.0-alpha-10:compile, commons-collections:commons-collections=commons-collections:commons-collections:jar:3.2:compile, org.apache.maven.doxia:doxia-module-apt=org.apache.maven.doxia:doxia-module-apt:jar:1.0-alpha-10:compile, org.apache.maven.doxia:doxia-module-fml=org.apache.maven.doxia:doxia-module-fml:jar:1.0-alpha-10:compile, org.apache.maven.doxia:doxia-module-xdoc=org.apache.maven.doxia:doxia-module-xdoc:jar:1.0-alpha-10:compile, org.apache.maven.doxia:doxia-module-xhtml=org.apache.maven.doxia:doxia-module-xhtml:jar:1.0-alpha-10:compile, commons-lang:commons-lang=commons-lang:commons-lang:jar:2.4:compile, org.slf4j:slf4j-api=org.slf4j:slf4j-api:jar:1.5.6:compile, org.codehaus.groovy.maven.support:slf4j-gossip=org.codehaus.groovy.maven.support:slf4j-gossip:jar:1.0:runtime, jline:jline=jline:jline:jar:0.9.94:runtime}
[DEBUG]   (f) pluginArtifacts = [org.codehaus.groovy.maven:gmaven-plugin:maven-plugin:1.0:, org.codehaus.groovy.maven.runtime:gmaven-runtime-api:jar:1.0:compile, org.codehaus.groovy.maven.feature:gmaven-feature-api:jar:1.0:compile, org.codehaus.groovy.maven.runtime:gmaven-runtime-loader:jar:1.0:compile, org.codehaus.groovy.maven.feature:gmaven-feature-support:jar:1.0:compile, junit:junit:jar:3.8.2:compile, org.codehaus.groovy.maven.runtime:gmaven-runtime-support:jar:1.0:compile, org.codehaus.plexus:plexus-utils:jar:1.5.5:compile, com.thoughtworks.qdox:qdox:jar:1.8:compile, org.codehaus.groovy.maven:gmaven-common:jar:1.0:compile, org.apache.maven.shared:file-management:jar:1.2.1:compile, org.apache.maven.shared:maven-shared-io:jar:1.1:compile, org.apache.maven.reporting:maven-reporting-impl:jar:2.0.4.1:compile, commons-validator:commons-validator:jar:1.2.0:compile, commons-beanutils:commons-beanutils:jar:1.7.0:compile, commons-digester:commons-digester:jar:1.6:compile, commons-logging:commons-logging:jar:1.0.4:compile, oro:oro:jar:2.0.8:compile, xml-apis:xml-apis:jar:1.0.b2:compile, org.apache.maven.doxia:doxia-core:jar:1.0-alpha-10:compile, org.apache.maven.doxia:doxia-sink-api:jar:1.0-alpha-10:compile, org.apache.maven.reporting:maven-reporting-api:jar:2.0.4:compile, org.apache.maven.doxia:doxia-site-renderer:jar:1.0-alpha-10:compile, org.codehaus.plexus:plexus-i18n:jar:1.0-beta-7:compile, org.codehaus.plexus:plexus-velocity:jar:1.1.7:compile, org.apache.velocity:velocity:jar:1.5:compile, org.apache.maven.doxia:doxia-decoration-model:jar:1.0-alpha-10:compile, commons-collections:commons-collections:jar:3.2:compile, org.apache.maven.doxia:doxia-module-apt:jar:1.0-alpha-10:compile, org.apache.maven.doxia:doxia-module-fml:jar:1.0-alpha-10:compile, org.apache.maven.doxia:doxia-module-xdoc:jar:1.0-alpha-10:compile, org.apache.maven.doxia:doxia-module-xhtml:jar:1.0-alpha-10:compile, commons-lang:commons-lang:jar:2.4:compile, org.slf4j:slf4j-api:jar:1.5.6:compile, org.codehaus.groovy.maven.support:slf4j-gossip:jar:1.0:runtime, jline:jline:jar:0.9.94:runtime]
[DEBUG]   (f) project = MavenProject: paolo.test:rules:1.0.0 @ /data/repositories/github/guvnor_automated_deployment_example/rules/pom.xml
[DEBUG]   (f) remoteRepositories = [       id: central
      url: http://repository/nexus/content/groups/public
   layout: default
snapshots: [enabled => true, update => daily]
 releases: [enabled => true, update => daily]
]
[DEBUG]   (f) sanitizeErrors = true
[DEBUG]   (f) session = org.apache.maven.execution.MavenSession@4f21c77b
[DEBUG]   (f) settings = org.apache.maven.execution.SettingsAdapter@68a6ff9
[DEBUG]   (f) source = org.codehaus.groovy.maven.plugin.execute.Source@30b413de
[DEBUG]   (f) trapAssertionErrors = true
[DEBUG] -- end configuration --
[DEBUG] org.codehaus.groovy.maven.runtime:gmaven-runtime-loader-stub:jar:1.0 (selected for null)
[DEBUG]   org.codehaus.groovy.maven.runtime:gmaven-runtime-1.6:jar:1.0:runtime (selected for runtime)
[DEBUG]     org.slf4j:slf4j-api:jar:1.5.6:runtime (selected for runtime)
[DEBUG]     org.codehaus.groovy.maven.feature:gmaven-feature-support:jar:1.0:runtime (selected for runtime)
[DEBUG]       org.codehaus.groovy.maven.feature:gmaven-feature-api:jar:1.0:runtime (selected for runtime)
[DEBUG]     org.codehaus.groovy.maven.runtime:gmaven-runtime-support:jar:1.0:runtime (selected for runtime)
[DEBUG]       org.codehaus.groovy.maven.runtime:gmaven-runtime-api:jar:1.0:runtime (selected for runtime)
[DEBUG]       org.codehaus.groovy.maven:gmaven-common:jar:1.0:runtime (selected for runtime)
[DEBUG]       org.codehaus.plexus:plexus-utils:jar:1.5.5:runtime (selected for runtime)
[DEBUG]       com.thoughtworks.qdox:qdox:jar:1.8:runtime (selected for runtime)
[DEBUG]     org.codehaus.groovy:groovy-all:jar:1.6.0:runtime (selected for runtime)
[DEBUG]       org.apache.ant:ant:jar:1.7.1:runtime (selected for runtime)
[DEBUG]         org.apache.ant:ant-launcher:jar:1.7.1:runtime (selected for runtime)
[DEBUG]       org.apache.ant:ant-launcher:jar:1.7.1:runtime (selected for runtime)
[DEBUG]     jline:jline:jar:0.9.94:runtime (selected for runtime)
[DEBUG]       junit:junit:jar:3.8.1:runtime (selected for runtime)
Archive file: rules/repository_export.xml[INFO]  Deployment Successful: Result status code HTTP/1.1 200 OK
[INFO]                                                                         
[INFO] ------------------------------------------------------------------------
[INFO] Building Guvnor import multiproject 1.0.0
[INFO] ------------------------------------------------------------------------
[DEBUG] Lifecycle default -> [validate, initialize, generate-sources, process-sources, generate-resources, process-resources, compile, process-classes, generate-test-sources, process-test-sources, generate-test-resources, process-test-resources, test-compile, process-test-classes, test, prepare-package, package, pre-integration-test, integration-test, post-integration-test, verify, install, deploy]
[DEBUG] Lifecycle clean -> [pre-clean, clean, post-clean]
[DEBUG] Lifecycle site -> [pre-site, site, post-site, site-deploy]
[DEBUG] Lifecycle default -> [validate, initialize, generate-sources, process-sources, generate-resources, process-resources, compile, process-classes, generate-test-sources, process-test-sources, generate-test-resources, process-test-resources, test-compile, process-test-classes, test, prepare-package, package, pre-integration-test, integration-test, post-integration-test, verify, install, deploy]
[DEBUG] Lifecycle clean -> [pre-clean, clean, post-clean]
[DEBUG] Lifecycle site -> [pre-site, site, post-site, site-deploy]
[DEBUG] === PROJECT BUILD PLAN ================================================
[DEBUG] Project:       paolo.test:guvnor_import:1.0.0
[DEBUG] Dependencies (collect): []
[DEBUG] Dependencies (resolve): []
[DEBUG] Repositories (dependencies): [public (http://repository/nexus/content/groups/public, releases+snapshots), jboss (http://repository/nexus/content/repositories/jboss-releases, releases+snapshots), artifactory (http://cloud-artifactory:8081/artifactory/tescobank, releases+snapshots), thirdparty (http://repository/nexus/content/repositories/thirdparty, releases+snapshots), maven_central (http://repo1.maven.org/maven2, releases+snapshots), central (http://repo.maven.apache.org/maven2, releases)]
[DEBUG] Repositories (plugins)     : [central (http://repository/nexus/content/groups/public, releases+snapshots)]
[DEBUG] -----------------------------------------------------------------------
[DEBUG] Goal:          org.apache.maven.plugins:maven-install-plugin:2.3.1:install (default-install)
[DEBUG] Style:         Regular
[DEBUG] Configuration: <?xml version="1.0" encoding="UTF-8"?>
<configuration>
  <artifact default-value="${project.artifact}"/>
  <attachedArtifacts default-value="${project.attachedArtifacts}"/>
  <createChecksum default-value="false">${createChecksum}</createChecksum>
  <localRepository>${localRepository}</localRepository>
  <packaging default-value="${project.packaging}"/>
  <pomFile default-value="${project.file}"/>
  <updateReleaseInfo default-value="false">${updateReleaseInfo}</updateReleaseInfo>
</configuration>
[DEBUG] =======================================================================
[INFO] 
[INFO] --- maven-install-plugin:2.3.1:install (default-install) @ guvnor_import ---
[DEBUG] Configuring mojo org.apache.maven.plugins:maven-install-plugin:2.3.1:install from plugin realm ClassRealm[plugin>org.apache.maven.plugins:maven-install-plugin:2.3.1, parent: sun.misc.Launcher$AppClassLoader@1cc33893]
[DEBUG] Configuring mojo 'org.apache.maven.plugins:maven-install-plugin:2.3.1:install' with basic configurator -->
[DEBUG]   (f) artifact = paolo.test:guvnor_import:pom:1.0.0
[DEBUG]   (f) attachedArtifacts = []
[DEBUG]   (f) createChecksum = false
[DEBUG]   (f) localRepository =        id: local
      url: file:///home/pantinor/.m2/repository/
   layout: none

[DEBUG]   (f) packaging = pom
[DEBUG]   (f) pomFile = /data/repositories/github/guvnor_automated_deployment_example/pom.xml
[DEBUG]   (f) updateReleaseInfo = false
[DEBUG] -- end configuration --
[INFO] Installing /data/repositories/github/guvnor_automated_deployment_example/pom.xml to /home/pantinor/.m2/repository/paolo/test/guvnor_import/1.0.0/guvnor_import-1.0.0.pom
[DEBUG] Writing resolution tracking file /home/pantinor/.m2/repository/paolo/test/guvnor_import/1.0.0/_maven.repositories
[DEBUG] Installing paolo.test:guvnor_import/maven-metadata.xml to /home/pantinor/.m2/repository/paolo/test/guvnor_import/maven-metadata-local.xml
[INFO] ------------------------------------------------------------------------
[INFO] Reactor Summary:
[INFO] 
[INFO] Build Fact Model .................................. SUCCESS [1.295s]
[INFO] Build Guvnor Full Repository ...................... SUCCESS [3.024s]
[INFO] Guvnor import multiproject ........................ SUCCESS [0.006s]
[INFO] ------------------------------------------------------------------------
[INFO] BUILD SUCCESS
[INFO] ------------------------------------------------------------------------
[INFO] Total time: 4.431s
[INFO] Finished at: Tue Dec 11 09:22:41 GMT 2012
[INFO] Final Memory: 19M/210M
[INFO] ------------------------------------------------------------------------
